# C5a 授权全链装机验证 — 2026-06-25 09:2x — 小米9 / 609b4b18 / official debug / 微信 8.0.71
# 验证者：终端/执行 worker（只验证不改码）；测试卡 DEVTEST-3AB7ED
# 证据等级：全部 L1（logcat 原文 / 服务器接口原文 / 调试端点原文）
# 注：原计划 logs/ 子目录被遗留句柄锁定（读/写均 permission denied），改写到 P 任务根目录。

## A. 服务器侧解卡（架构师拍板：删并重建，max_devices=2，免 SSH）
# 起因：首激活被拒 — {"ok":false,"msg":"设备数量已达上限，请联系售后"} (HTTP 400)
# 查证（live zxmqq.shop /admin/api）：DEVTEST-3AB7ED max_devices=1 used_count=1
#   唯一占槽 = device_id=devtest-c88（devauth_c88.py 的假设备），非真机
# 处理（/admin/api 官方接口）：
DELETE: {"status":"ok","deleted":{"cards":1,"activations":1,"devices":1,"events":1}}
CREATE: {"status":"ok","message":"卡密 DEVTEST-3AB7ED 创建成功"}
VERIFY: card=DEVTEST-3AB7ED status=active max_devices=2 used_count=0 expire=2027-12-31 release=android_8071 mode=pro

## B. 真机激活（调试端点 POST /api/activate，免改码）
{"ok":true,"msg":"activated"}   HTTP 200

## C. 激活后（热进程 PID 30513）logcat 原文
06-25 09:24:00.739 NCL [act] token acquired, kicking heartbeat
06-25 09:24:01.201 NCL [hb] registry after seed summary=schema=r8071_v1 ver=8.0.71 entries=4 [conv.list adapter=kc5.v0 l4=notifyDataSetChanged] [moments.feed adapter=e2] [contact.address adapter=ik3.t0] [search.gateway] recipeOk=true
06-25 09:24:01.202 NCL [hb] synced tier=1 lease=1782354242 risk=正常
06-25 09:24:01.451 NCL [hb] health report sent=true result=OK lease=正常 risk=CLEAN registry=ready

## D. 调试端点 /api/native 快照（热进程）原文
{"soLoaded":true,"role":"MAIN","authState":"OK","authorized":true,"nativeRisk":"NONE","configVersion":1,"hidden":true,"jrisk":"正常","funnel":false,"kill":false,"release_id":"android_8071","auth":"AUTH_OK","heartbeat":"synced","risk":"正常","registryRequiresServerSeed":true,"registryAfterSeed":"ok","recipeOk":true,"schema":"r8071_v1","entries":4}

## E. 重启微信冷启动（新进程 PID 4703）logcat 原文
06-25 09:25:27.137 NCL [init] pid=4703 proc=com.tencent.mm
06-25 09:25:27.195 NCL [native] registrySummary=scatter
06-25 09:25:27.195 NCL [native] BATCH1_VERIFY PASS
06-25 09:25:27.195 NCL [native] PHASE1A_VERIFY PASS
06-25 09:25:27.195 NCL [native] PHASE1B_VERIFY FAIL
06-25 09:25:27.195 NCL [native] PHASE1C_VERIFY FAIL
06-25 09:25:27.195 NCL [native] PHASE1D_VERIFY FAIL
06-25 09:25:27.196 NCL [native] PHASE1E_VERIFY FAIL
06-25 09:25:27.197 NCL [native] C2_VERIFY PASS
06-25 09:25:27.366 NCL [hb] cached envelope seed=ok
06-25 09:25:27.390 NCL [SF] recipes gateway=fts_result_view adapterFamily=q2,f0 renderHook=getView profile=wechat8071_fts_mixed scope=result_render_only fallbackSelfTest=ok ready=true
06-25 09:25:27.405 NCL [MF] recipes friend=na4.b promo=la4.p adapter=e2 wxid=field_userName inner=d sns=h1 like=LikeUserList cmt=CommentUserList fallbackSelfTest=ok ready=true
06-25 09:25:27.416 NCL [CF] recipes mvvm=com.tencent.mm.plugin.mvvmlist.MvvmList adapter=kc5.v0 getters=[C0, h1, j1, i1, k1, getUsername, getUserName] fallbackSelfTest=ok ready=true
06-25 09:25:27.445 NCL [CTF] recipes adapter=ik3.t0 item=fc5.g contact=com.tencent.mm.storage.z3 getter=c1 live=com.tencent.mm.ui.contact.address.AddressLiveList fallbackSelfTest=ok ready=true
06-25 09:25:27.525 NCL [init] ready state=隐藏
06-25 09:25:28.408 NCL [hb] registry after seed summary=schema=r8071_v1 ver=8.0.71 entries=4 [conv.list adapter=kc5.v0 l4=notifyDataSetChanged] [moments.feed adapter=e2] [contact.address adapter=ik3.t0] [search.gateway] recipeOk=true
06-25 09:25:28.636 NCL [hb] health report sent=true result=OK lease=正常 risk=CLEAN registry=ready

## F. 判读（L2 代码核账 ModuleMain.runNativeBridgeVerification）
# PHASE1B/1C/1D/1E 冷启动 FAIL = 架构顺序所致，非 C5a 回归、非授权失败：
#   - registrySelfTest() 解析的是“服务器种子门控”的真注册表
#   - 验证块在 step0 跑（铁律27：hook 前先 nativeInit/verify），applyCachedEnvelopeSeed 在 step2
#   - 故验证那一刻 registry=scatter → PHASE1B-1E 必 FAIL；随后 seed=ok → registry ready
#   - 未授权那轮同样是这四项 FAIL（环境态），现授权后 seed=ok 把 registry 拉成 ready
# PHASE1A/BATCH1/C2 冷启动 PASS（内置测试向量，不需服务器种子）

## G. DoD 对账
recipeOk=true ................ PASS (C/D/E 三处 L1)
registrySummary entries=4 .... PASS (conv.list/moments.feed/contact.address/search.gateway)
4 Filter fallbackSelfTest=ok . PASS (E：CF/CTF/MF/SF ready=true)
isVipAuthorized(authorized) .. PASS (/api/native authorized=true auth=AUTH_OK)
PHASE1*_VERIFY ............... PHASE1A/BATCH1/C2 PASS；PHASE1B-1E 冷启动 FAIL=预种子顺序（见 F，待架构师定口径）
密友四面隐藏正向屏测 ......... 待办：/api/hidden count=0（无密友配置），需配密友+非密友对照+用户操作+截图

## H. 备注
# 设备另跑 com.tencent.mm1 / mn1 共存克隆，与本次 C5a（认官方 com.tencent.mm）无关。
