06-06 23:56:05.729 26258 26258 I NCL     : [PF:L4b] hooked
06-06 23:56:05.729 26258 26258 I NCL     : [PF:L4c] disabled (pending WeChatDND)
06-06 23:56:05.737 26258 26258 I NCL     : [PF:UNREADFIX] LauncherUIBottomTabView.l hooked
06-06 23:56:05.739 26258 26258 I NCL     : [PF:UNREADFIX] TaskBarContainer.setActionBarTitle hooked
06-06 23:56:05.776 26258 26258 I NCL     : [PF] PushFilter installed (main: L1+NM+L4+MSGALERT+NEWMSG+FGMUTE+UNREADFIX) + CallGuard
06-06 23:56:09.168 26258 26258 I NCL     : [PF:UNREADFIX] title CALLED arg="寰俊" active=true h=0
06-06 23:56:09.501 26258 26258 I NCL     : [PF:UNREADFIX] title CALLED arg="寰俊" active=true h=0
06-06 23:56:09.586 26258 26258 I NCL     : [PF:UNREADFIX] tab CALLED arg=61 active=true h=0
06-06 23:56:09.594 26258 26258 I NCL     : [PF:UNREADFIX] title CALLED arg="寰俊(61)" active=true h=0
06-06 23:56:13.001 26258 26258 I NCL     : [PF:UNREADFIX] tab CALLED arg=61 active=true h=30
06-06 23:56:13.002 26258 26258 I NCL     : [PF:UNREADFIX] tab real=61 hidden=30 out=31
06-06 23:56:13.004 26258 26258 I NCL     : [PF:UNREADFIX] title CALLED arg="寰俊(31)" active=true h=30
06-06 23:56:13.004 26258 26258 I NCL     : [PF:UNREADFIX] title "寰俊(31)" hidden=30 out="寰俊(1)"
06-06 23:56:13.145 26258 26258 I NCL     : [PF:UNREADFIX] tab CALLED arg=61 active=true h=30
06-06 23:56:13.145 26258 26258 I NCL     : [PF:UNREADFIX] tab real=61 hidden=30 out=31
06-06 23:56:13.147 26258 26258 I NCL     : [PF:UNREADFIX] title CALLED arg="寰俊(31)" active=true h=30
06-06 23:56:13.148 26258 26258 I NCL     : [PF:UNREADFIX] title "寰俊(31)" hidden=30 out="寰俊(1)"
06-06 23:56:13.450 26258 26258 I NCL     : [PF:UNREADFIX] tab CALLED arg=61 active=true h=30
06-06 23:56:13.450 26258 26258 I NCL     : [PF:UNREADFIX] tab real=61 hidden=30 out=31
06-06 23:56:13.454 26258 26258 I NCL     : [PF:UNREADFIX] title CALLED arg="寰俊(31)" active=true h=30
06-06 23:56:13.454 26258 26258 I NCL     : [PF:UNREADFIX] title "寰俊(31)" hidden=30 out="寰俊(1)"
06-06 23:56:13.502 26258 26258 I NCL     : [PF:UNREADFIX] tab CALLED arg=61 active=true h=30
06-06 23:56:13.502 26258 26258 I NCL     : [PF:UNREADFIX] tab real=61 hidden=30 out=31
06-06 23:56:13.510 26258 26258 I NCL     : [PF:UNREADFIX] title CALLED arg="寰俊(31)" active=true h=30
06-06 23:56:13.510 26258 26258 I NCL     : [PF:UNREADFIX] title "寰俊(31)" hidden=30 out="寰俊(1)"
06-06 23:56:13.512 26258 26258 I NCL     : [PF:UNREADFIX] tab CALLED arg=61 active=true h=30
06-06 23:56:13.512 26258 26258 I NCL     : [PF:UNREADFIX] tab real=61 hidden=30 out=31
06-06 23:56:13.516 26258 26258 I NCL     : [PF:UNREADFIX] title CALLED arg="寰俊(31)" active=true h=30
06-06 23:56:13.516 26258 26258 I NCL     : [PF:UNREADFIX] title "寰俊(31)" hidden=30 out="寰俊(1)"
06-06 23:56:14.337 26258 26258 I NCL     : [PF:UNREADFIX] tab CALLED arg=61 active=true h=30
06-06 23:56:14.337 26258 26258 I NCL     : [PF:UNREADFIX] tab real=61 hidden=30 out=31
06-06 23:56:14.340 26258 26258 I NCL     : [PF:UNREADFIX] title CALLED arg="寰俊(31)" active=true h=30
06-06 23:56:14.341 26258 26258 I NCL     : [PF:UNREADFIX] title "寰俊(31)" hidden=30 out="寰俊(1)"
06-06 23:56:15.040 26258 26258 I NCL     : [PF:UNREADFIX] tab CALLED arg=61 active=true h=30
06-06 23:56:15.040 26258 26258 I NCL     : [PF:UNREADFIX] tab real=61 hidden=30 out=31
06-06 23:56:15.044 26258 26258 I NCL     : [PF:UNREADFIX] title CALLED arg="寰俊(31)" active=true h=30
06-06 23:56:15.044 26258 26258 I NCL     : [PF:UNREADFIX] title "寰俊(31)" hidden=30 out="寰俊(1)"
06-06 23:56:15.269 26258 26258 I NCL     : [PF:UNREADFIX] tab CALLED arg=61 active=true h=30
06-06 23:56:15.269 26258 26258 I NCL     : [PF:UNREADFIX] tab real=61 hidden=30 out=31
06-06 23:56:15.272 26258 26258 I NCL     : [PF:UNREADFIX] title CALLED arg="寰俊(31)" active=true h=30
06-06 23:56:15.272 26258 26258 I NCL     : [PF:UNREADFIX] title "寰俊(31)" hidden=30 out="寰俊(1)"
06-06 23:56:15.297 26258 26258 I NCL     : [PF:UNREADFIX] tab CALLED arg=61 active=true h=30
06-06 23:56:15.297 26258 26258 I NCL     : [PF:UNREADFIX] tab real=61 hidden=30 out=31
06-06 23:56:15.301 26258 26258 I NCL     : [PF:UNREADFIX] title CALLED arg="寰俊(31)" active=true h=30
06-06 23:56:15.301 26258 26258 I NCL     : [PF:UNREADFIX] title "寰俊(31)" hidden=30 out="寰俊(1)"
06-06 23:56:16.110 26258 26258 I NCL     : [PF:UNREADFIX] title CALLED arg="寰俊(31)" active=true h=30
06-06 23:56:16.110 26258 26258 I NCL     : [PF:UNREADFIX] title "寰俊(31)" hidden=30 out="寰俊(1)"
06-06 23:56:17.676 26258 26258 I NCL     : [PF:UNREADFIX] title CALLED arg="寰俊(31)" active=true h=30
06-06 23:56:17.676 26258 26258 I NCL     : [PF:UNREADFIX] title "寰俊(31)" hidden=30 out="寰俊(1)"
06-06 23:56:18.008 26258 26258 I NCL     : [PF:UNREADFIX] tab CALLED arg=61 active=true h=30
06-06 23:56:18.008 26258 26258 I NCL     : [PF:UNREADFIX] tab real=61 hidden=30 out=31
06-06 23:56:18.011 26258 26258 I NCL     : [PF:UNREADFIX] title CALLED arg="寰俊(31)" active=true h=30
06-06 23:56:18.011 26258 26258 I NCL     : [PF:UNREADFIX] title "寰俊(31)" hidden=30 out="寰俊(1)"
06-06 23:56:18.832 26258 26258 I NCL     : [PF:UNREADFIX] title CALLED arg="寰俊(31)" active=true h=30
06-06 23:56:18.832 26258 26258 I NCL     : [PF:UNREADFIX] title "寰俊(31)" hidden=30 out="寰俊(1)"
06-06 23:56:21.913 26258 26258 I NCL     : [PF:UNREADFIX] title CALLED arg="寰俊(31)" active=true h=30
06-06 23:56:21.913 26258 26258 I NCL     : [PF:UNREADFIX] title "寰俊(31)" hidden=30 out="寰俊(1)"
06-06 23:56:24.126 26258 26258 I NCL     : [PF:UNREADFIX] tab CALLED arg=61 active=true h=30
06-06 23:56:24.126 26258 26258 I NCL     : [PF:UNREADFIX] tab real=61 hidden=30 out=31
06-06 23:56:24.130 26258 26258 I NCL     : [PF:UNREADFIX] title CALLED arg="寰俊(31)" active=true h=30
06-06 23:56:24.130 26258 26258 I NCL     : [PF:UNREADFIX] title "寰俊(31)" hidden=30 out="寰俊(1)"
06-06 23:56:24.418 26258 26258 I NCL     : [PF:UNREADFIX] tab CALLED arg=61 active=true h=30
06-06 23:56:24.418 26258 26258 I NCL     : [PF:UNREADFIX] tab real=61 hidden=30 out=31
06-06 23:56:24.421 26258 26258 I NCL     : [PF:UNREADFIX] title CALLED arg="寰俊(31)" active=true h=30
06-06 23:56:24.421 26258 26258 I NCL     : [PF:UNREADFIX] title "寰俊(31)" hidden=30 out="寰俊(1)"
06-06 23:56:24.851 26258 26258 I NCL     : [PF:UNREADFIX] tab CALLED arg=62 active=true h=31
06-06 23:56:24.851 26258 26258 I NCL     : [PF:UNREADFIX] tab real=62 hidden=31 out=31
06-06 23:56:24.854 26258 26258 I NCL     : [PF:UNREADFIX] title CALLED arg="寰俊(31)" active=true h=31
06-06 23:56:24.854 26258 26258 I NCL     : [PF:UNREADFIX] title "寰俊(31)" hidden=31 out="寰俊"
06-06 23:56:25.167 26258 26258 I NCL     : [PF:UNREADFIX] tab CALLED arg=63 active=true h=32
06-06 23:56:25.167 26258 26258 I NCL     : [PF:UNREADFIX] tab real=63 hidden=32 out=31
06-06 23:56:25.171 26258 26258 I NCL     : [PF:UNREADFIX] title CALLED arg="寰俊(31)" active=true h=32
06-06 23:56:25.171 26258 26258 I NCL     : [PF:UNREADFIX] title "寰俊(31)" hidden=32 out="寰俊"
06-06 23:56:25.235 26258 26258 I NCL     : [PF:UNREADFIX] title CALLED arg="寰俊(31)" active=true h=32
06-06 23:56:25.235 26258 26258 I NCL     : [PF:UNREADFIX] title "寰俊(31)" hidden=32 out="寰俊"
06-06 23:56:25.440 26258 26258 I NCL     : [PF:UNREADFIX] tab CALLED arg=64 active=true h=33
06-06 23:56:25.440 26258 26258 I NCL     : [PF:UNREADFIX] tab real=64 hidden=33 out=31
06-06 23:56:25.445 26258 26258 I NCL     : [PF:UNREADFIX] title CALLED arg="寰俊(31)" active=true h=33
06-06 23:56:25.445 26258 26258 I NCL     : [PF:UNREADFIX] title "寰俊(31)" hidden=33 out="寰俊"
06-06 23:56:25.723 26258 26258 I NCL     : [PF:UNREADFIX] title CALLED arg="寰俊(31)" active=true h=33
06-06 23:56:25.723 26258 26258 I NCL     : [PF:UNREADFIX] title "寰俊(31)" hidden=33 out="寰俊"
06-06 23:56:25.928 26258 26258 I NCL     : [PF:UNREADFIX] tab CALLED arg=67 active=true h=36
06-06 23:56:25.928 26258 26258 I NCL     : [PF:UNREADFIX] tab real=67 hidden=36 out=31
06-06 23:56:25.931 26258 26258 I NCL     : [PF:UNREADFIX] title CALLED arg="寰俊(31)" active=true h=36
06-06 23:56:25.931 26258 26258 I NCL     : [PF:UNREADFIX] title "寰俊(31)" hidden=36 out="寰俊"
06-06 23:56:25.957 26258 26258 I NCL     : [PF:UNREADFIX] title CALLED arg="寰俊(31)" active=true h=36
06-06 23:56:25.957 26258 26258 I NCL     : [PF:UNREADFIX] title "寰俊(31)" hidden=36 out="寰俊"
06-06 23:56:26.156 26258 26258 I NCL     : [PF:UNREADFIX] tab CALLED arg=68 active=true h=37
06-06 23:56:26.156 26258 26258 I NCL     : [PF:UNREADFIX] tab real=68 hidden=37 out=31
06-06 23:56:26.159 26258 26258 I NCL     : [PF:UNREADFIX] title CALLED arg="寰俊(31)" active=true h=37
06-06 23:56:26.159 26258 26258 I NCL     : [PF:UNREADFIX] title "寰俊(31)" hidden=37 out="寰俊"
06-06 23:56:26.210 26258 26258 I NCL     : [PF:UNREADFIX] title CALLED arg="寰俊(31)" active=true h=37
06-06 23:56:26.210 26258 26258 I NCL     : [PF:UNREADFIX] title "寰俊(31)" hidden=37 out="寰俊"
06-06 23:56:26.425 26258 26258 I NCL     : [PF:UNREADFIX] tab CALLED arg=69 active=true h=38
06-06 23:56:26.425 26258 26258 I NCL     : [PF:UNREADFIX] tab real=69 hidden=38 out=31
06-06 23:56:26.428 26258 26258 I NCL     : [PF:UNREADFIX] title CALLED arg="寰俊(31)" active=true h=38
06-06 23:56:26.428 26258 26258 I NCL     : [PF:UNREADFIX] title "寰俊(31)" hidden=38 out="寰俊"
06-06 23:56:26.430 26258 26258 I NCL     : [PF:UNREADFIX] title CALLED arg="寰俊(31)" active=true h=38
06-06 23:56:26.430 26258 26258 I NCL     : [PF:UNREADFIX] title "寰俊(31)" hidden=38 out="寰俊"
06-06 23:56:32.480 26258 26258 I NCL     : [PF:UNREADFIX] title CALLED arg="寰俊(31)" active=true h=38
06-06 23:56:32.480 26258 26258 I NCL     : [PF:UNREADFIX] title "寰俊(31)" hidden=38 out="寰俊"
06-06 23:56:34.143 26258 26258 I NCL     : [PF:UNREADFIX] title CALLED arg="寰俊(31)" active=true h=38
06-06 23:56:34.143 26258 26258 I NCL     : [PF:UNREADFIX] title "寰俊(31)" hidden=38 out="寰俊"
06-07 00:03:57.512 26258 26258 I NCL     : [PF:UNREADFIX] tab CALLED arg=69 active=true h=38
06-07 00:03:57.512 26258 26258 I NCL     : [PF:UNREADFIX] tab real=69 hidden=38 out=31
06-07 00:03:57.515 26258 26258 I NCL     : [PF:UNREADFIX] title CALLED arg="寰俊(31)" active=true h=38
06-07 00:03:57.515 26258 26258 I NCL     : [PF:UNREADFIX] title "寰俊(31)" hidden=38 out="寰俊"
06-07 00:03:57.843 26258 26258 I NCL     : [PF:UNREADFIX] tab CALLED arg=69 active=true h=38
06-07 00:03:57.843 26258 26258 I NCL     : [PF:UNREADFIX] tab real=69 hidden=38 out=31
06-07 00:03:57.846 26258 26258 I NCL     : [PF:UNREADFIX] title CALLED arg="寰俊(31)" active=true h=38
06-07 00:03:57.846 26258 26258 I NCL     : [PF:UNREADFIX] title "寰俊(31)" hidden=38 out="寰俊"
06-07 00:03:58.283 26258 26258 I NCL     : [PF:UNREADFIX] tab CALLED arg=69 active=true h=38
06-07 00:03:58.283 26258 26258 I NCL     : [PF:UNREADFIX] tab real=69 hidden=38 out=31
06-07 00:03:58.286 26258 26258 I NCL     : [PF:UNREADFIX] title CALLED arg="寰俊(31)" active=true h=38
06-07 00:03:58.286 26258 26258 I NCL     : [PF:UNREADFIX] title "寰俊(31)" hidden=38 out="寰俊"
06-07 00:03:58.449 26258 26258 I NCL     : [PF:UNREADFIX] tab CALLED arg=69 active=true h=38
06-07 00:03:58.449 26258 26258 I NCL     : [PF:UNREADFIX] tab real=69 hidden=38 out=31
06-07 00:03:58.451 26258 26258 I NCL     : [PF:UNREADFIX] title CALLED arg="寰俊(31)" active=true h=38
06-07 00:03:58.451 26258 26258 I NCL     : [PF:UNREADFIX] title "寰俊(31)" hidden=38 out="寰俊"
06-07 00:03:59.755 26258 26258 I NCL     : [PF:UNREADFIX] tab CALLED arg=69 active=true h=38
06-07 00:03:59.755 26258 26258 I NCL     : [PF:UNREADFIX] tab real=69 hidden=38 out=31
06-07 00:03:59.758 26258 26258 I NCL     : [PF:UNREADFIX] title CALLED arg="寰俊(31)" active=true h=38
06-07 00:03:59.758 26258 26258 I NCL     : [PF:UNREADFIX] title "寰俊(31)" hidden=38 out="寰俊"
06-07 00:04:00.168 26258 26258 I NCL     : [PF:UNREADFIX] tab CALLED arg=69 active=true h=38
06-07 00:04:00.168 26258 26258 I NCL     : [PF:UNREADFIX] tab real=69 hidden=38 out=31
06-07 00:04:00.172 26258 26258 I NCL     : [PF:UNREADFIX] title CALLED arg="寰俊(31)" active=true h=38
06-07 00:04:00.172 26258 26258 I NCL     : [PF:UNREADFIX] title "寰俊(31)" hidden=38 out="寰俊"
06-07 00:04:00.228 26258 26258 I NCL     : [PF:UNREADFIX] tab CALLED arg=69 active=true h=38
06-07 00:04:00.228 26258 26258 I NCL     : [PF:UNREADFIX] tab real=69 hidden=38 out=31
06-07 00:04:00.230 26258 26258 I NCL     : [PF:UNREADFIX] title CALLED arg="寰俊(31)" active=true h=38
06-07 00:04:00.230 26258 26258 I NCL     : [PF:UNREADFIX] title "寰俊(31)" hidden=38 out="寰俊"
06-07 00:04:02.405 26258 26258 I NCL     : [PF:UNREADFIX] tab CALLED arg=69 active=false h=38
06-07 00:04:02.407 26258 26258 I NCL     : [PF:UNREADFIX] title CALLED arg="寰俊(69)" active=false h=38
06-07 00:04:02.409 26258 26258 I NCL     : [PF:UNREADFIX] tab CALLED arg=69 active=false h=38
06-07 00:04:02.412 26258 26258 I NCL     : [PF:UNREADFIX] title CALLED arg="寰俊(69)" active=false h=38
06-07 00:04:02.885 26258 26258 I NCL     : [PF:UNREADFIX] tab CALLED arg=69 active=false h=38
06-07 00:04:02.889 26258 26258 I NCL     : [PF:UNREADFIX] title CALLED arg="寰俊(69)" active=false h=38
06-07 00:04:02.890 26258 26258 I NCL     : [PF:UNREADFIX] tab CALLED arg=69 active=false h=38
06-07 00:04:02.894 26258 26258 I NCL     : [PF:UNREADFIX] title CALLED arg="寰俊(69)" active=false h=38
06-07 00:04:02.896 26258 26258 I NCL     : [PF:UNREADFIX] tab CALLED arg=69 active=false h=38
06-07 00:04:02.899 26258 26258 I NCL     : [PF:UNREADFIX] title CALLED arg="寰俊(69)" active=false h=38
06-07 00:04:07.821 26258 26258 I NCL     : [PF:UNREADFIX] title CALLED arg="寰俊(69)" active=false h=38
06-07 00:04:08.543 26258 26258 I NCL     : [PF:UNREADFIX] tab CALLED arg=69 active=true h=38
06-07 00:04:08.546 26258 26258 I NCL     : [PF:UNREADFIX] title CALLED arg="寰俊(69)" active=true h=38
06-07 00:04:15.789 26258 26258 I NCL     : [PF:UNREADFIX] tab CALLED arg=70 active=true h=39
06-07 00:04:15.792 26258 26258 I NCL     : [PF:UNREADFIX] title CALLED arg="寰俊(70)" active=true h=39
06-07 00:04:16.989 26258 26258 I NCL     : [PF:UNREADFIX] tab CALLED arg=71 active=true h=40
06-07 00:04:16.991 26258 26258 I NCL     : [PF:UNREADFIX] title CALLED arg="寰俊(71)" active=true h=40
06-07 00:04:19.757 26258 26258 I NCL     : [PF:UNREADFIX] tab CALLED arg=72 active=true h=41
06-07 00:04:19.761 26258 26258 I NCL     : [PF:UNREADFIX] title CALLED arg="寰俊(72)" active=true h=41
