     ____
    / _  |   Frida 17.9.10 - A world-class dynamic instrumentation toolkit
   | (_| |
    > _  |   Commands:
   /_/ |_|       help      -> Displays the help system
   . . . .       object?   -> Display information about 'object'
   . . . .       exit/quit -> Exit
   . . . .
   . . . .   More info at https://frida.re/docs/home/
   . . . .
   . . . .   Connected to MI 9 (id=609b4b18)
Attaching...
[OK default] fl4.o.Sh
[MISS default] w1.E1: Error: java.lang.ClassNotFoundException: Didn't find class "w1" on path: DexPathList[[zip file "/data/user/0/com.tencent.mm/tinker/patch-b2c53cd6/dex/tinker_classN.apk"],nativeLibraryDirectories=[/data/user/0/com.tencent.mm/tinker/patch-b2c53cd6/lib/lib/arm64-v8a, /data/app/~~3b70A491-llST8--4goL8w==/com.tencent.mm-6Z-QeOfO6j_nv-YH34JDqA==/lib/arm64, /data/app/~~3b70A491-llST8--4goL8w==/com.tencent.mm-6Z-QeOfO6j_nv-YH34JDqA==/base.apk!/lib/arm64-v8a, /system/lib64, /system/system_ext/lib64]]
[MISS default] com.tencent.mm.plugin.sns.ui.improve.FindMoreFriendsUI.l0: Error: java.lang.ClassNotFoundException: Didn't find class "com.tencent.mm.plugin.sns.ui.improve.FindMoreFriendsUI" on path: DexPathList[[zip file "/data/user/0/com.tencent.mm/tinker/patch-b2c53cd6/dex/tinker_classN.apk"],nativeLibraryDirectories=[/data/user/0/com.tencent.mm/tinker/patch-b2c53cd6/lib/lib/arm64-v8a, /data/app/~~3b70A491-llST8--4goL8w==/com.tencent.mm-6Z-QeOfO6j_nv-YH34JDqA==/lib/arm64, /data/app/~~3b70A491-llST8--4goL8w==/com.tencent.mm-6Z-QeOfO6j_nv-YH34JDqA==/base.apk!/lib/arm64-v8a, /system/lib64, /system/system_ext/lib64]]
[MISS default] com.tencent.mm.plugin.sns.ui.improve.FriendSnsPreference.h0: Error: java.lang.ClassNotFoundException: Didn't find class "com.tencent.mm.plugin.sns.ui.improve.FriendSnsPreference" on path: DexPathList[[zip file "/data/user/0/com.tencent.mm/tinker/patch-b2c53cd6/dex/tinker_classN.apk"],nativeLibraryDirectories=[/data/user/0/com.tencent.mm/tinker/patch-b2c53cd6/lib/lib/arm64-v8a, /data/app/~~3b70A491-llST8--4goL8w==/com.tencent.mm-6Z-QeOfO6j_nv-YH34JDqA==/lib/arm64, /data/app/~~3b70A491-llST8--4goL8w==/com.tencent.mm-6Z-QeOfO6j_nv-YH34JDqA==/base.apk!/lib/arm64-v8a, /system/lib64, /system/system_ext/lib64]]
[MISS default] com.tencent.mm.plugin.sns.ui.improve.SnsCommentStorage.E1: Error: java.lang.ClassNotFoundException: Didn't find class "com.tencent.mm.plugin.sns.ui.improve.SnsCommentStorage" on path: DexPathList[[zip file "/data/user/0/com.tencent.mm/tinker/patch-b2c53cd6/dex/tinker_classN.apk"],nativeLibraryDirectories=[/data/user/0/com.tencent.mm/tinker/patch-b2c53cd6/lib/lib/arm64-v8a, /data/app/~~3b70A491-llST8--4goL8w==/com.tencent.mm-6Z-QeOfO6j_nv-YH34JDqA==/lib/arm64, /data/app/~~3b70A491-llST8--4goL8w==/com.tencent.mm-6Z-QeOfO6j_nv-YH34JDqA==/base.apk!/lib/arm64-v8a, /system/lib64, /system/system_ext/lib64]]
[OK default] com.tencent.mm.plugin.sns.ui.SnsMsgUIWithRelevance.onResume
[OK default] com.tencent.mm.plugin.sns.ui.SnsMsgUIWithAll.onResume
[FOUND] dalvik.system.DelegateLastClassLoader[DexPathList[[zip file "/data/user/0/com.tencent.mm/tinker/patch-b2c53cd6/dex/tinker_classN.apk"],nativeLibraryDirectories=[/data/user/0/com.tencent.mm/tinker/patch-b2c53cd6/lib/lib/arm64-v8a, /data/app/~~3b70A491-llST8--4goL8w==/com.tencent.mm-6Z-QeOfO6j_nv-YH34JDqA==/lib/arm64, /data/app/~~3b70A491-llST8--4goL8w==/com.tencent.mm-6Z-QeOfO6j_nv-YH34JDqA==/base.apk!/lib/arm64-v8a, /system/lib64, /system/system_ext/lib64]]]
[OK tinker] fl4.o.Sh
[MISS tinker] w1.E1: Error: java.lang.ClassNotFoundException: Didn't find class "w1" on path: DexPathList[[zip file "/data/user/0/com.tencent.mm/tinker/patch-b2c53cd6/dex/tinker_classN.apk"],nativeLibraryDirectories=[/data/user/0/com.tencent.mm/tinker/patch-b2c53cd6/lib/lib/arm64-v8a, /data/app/~~3b70A491-llST8--4goL8w==/com.tencent.mm-6Z-QeOfO6j_nv-YH34JDqA==/lib/arm64, /data/app/~~3b70A491-llST8--4goL8w==/com.tencent.mm-6Z-QeOfO6j_nv-YH34JDqA==/base.apk!/lib/arm64-v8a, /system/lib64, /system/system_ext/lib64]]
[MISS tinker] com.tencent.mm.plugin.sns.ui.improve.FindMoreFriendsUI.l0: Error: java.lang.ClassNotFoundException: Didn't find class "com.tencent.mm.plugin.sns.ui.improve.FindMoreFriendsUI" on path: DexPathList[[zip file "/data/user/0/com.tencent.mm/tinker/patch-b2c53cd6/dex/tinker_classN.apk"],nativeLibraryDirectories=[/data/user/0/com.tencent.mm/tinker/patch-b2c53cd6/lib/lib/arm64-v8a, /data/app/~~3b70A491-llST8--4goL8w==/com.tencent.mm-6Z-QeOfO6j_nv-YH34JDqA==/lib/arm64, /data/app/~~3b70A491-llST8--4goL8w==/com.tencent.mm-6Z-QeOfO6j_nv-YH34JDqA==/base.apk!/lib/arm64-v8a, /system/lib64, /system/system_ext/lib64]]
[MISS tinker] com.tencent.mm.plugin.sns.ui.improve.FriendSnsPreference.h0: Error: java.lang.ClassNotFoundException: Didn't find class "com.tencent.mm.plugin.sns.ui.improve.FriendSnsPreference" on path: DexPathList[[zip file "/data/user/0/com.tencent.mm/tinker/patch-b2c53cd6/dex/tinker_classN.apk"],nativeLibraryDirectories=[/data/user/0/com.tencent.mm/tinker/patch-b2c53cd6/lib/lib/arm64-v8a, /data/app/~~3b70A491-llST8--4goL8w==/com.tencent.mm-6Z-QeOfO6j_nv-YH34JDqA==/lib/arm64, /data/app/~~3b70A491-llST8--4goL8w==/com.tencent.mm-6Z-QeOfO6j_nv-YH34JDqA==/base.apk!/lib/arm64-v8a, /system/lib64, /system/system_ext/lib64]]
[MISS tinker] com.tencent.mm.plugin.sns.ui.improve.SnsCommentStorage.E1: Error: java.lang.ClassNotFoundException: Didn't find class "com.tencent.mm.plugin.sns.ui.improve.SnsCommentStorage" on path: DexPathList[[zip file "/data/user/0/com.tencent.mm/tinker/patch-b2c53cd6/dex/tinker_classN.apk"],nativeLibraryDirectories=[/data/user/0/com.tencent.mm/tinker/patch-b2c53cd6/lib/lib/arm64-v8a, /data/app/~~3b70A491-llST8--4goL8w==/com.tencent.mm-6Z-QeOfO6j_nv-YH34JDqA==/lib/arm64, /data/app/~~3b70A491-llST8--4goL8w==/com.tencent.mm-6Z-QeOfO6j_nv-YH34JDqA==/base.apk!/lib/arm64-v8a, /system/lib64, /system/system_ext/lib64]]
[OK tinker] com.tencent.mm.plugin.sns.ui.SnsMsgUIWithRelevance.onResume
[OK tinker] com.tencent.mm.plugin.sns.ui.SnsMsgUIWithAll.onResume
[DONE] loader scan
[MI 9::PID::4619 ]-> 