     ____
    / _  |   Frida 17.9.10 - A world-class dynamic instrumentation toolkit
   | (_| |
    > _  |   Commands:
   /_/ |_|       help      -> Displays the help system
   . . . .       object?   -> Display information about 'object'
   . . . .       exit/quit -> Exit
   . . . .
   . . . .   More info at https://frida.re/docs/home/
   . . . .
   . . . .   Connected to 127.0.0.1:27042 (id=socket@127.0.0.1:27042)
Attaching...
[FMF] L1 dump hook installed
[FMF] onResume dump hook installed
[FIND_RD] find_reddot_field v1 installed. 请切回微信主界面触发 onResume
[Remote::PID::639 ]-> [ns.c ALL FIELDS]:
  a (boolean) = false
  b (boolean) = false
  c (boolean) = false
  d (boolean) = false
  e (int) = 1
  f (int) = 0
  g (int) = 0

[ww2.c ALL FIELDS]:
  a (ww2.c) = ww2.c@8681697
  b (boolean) = false
  c (z15.xj0) = z15.xj0@afdd084
  d (java.lang.String) = 

[SCAN] looking for FindMoreFriendsUI instances...
[FMF:INST] found instance: FindMoreFriendsUI{d39b11c} (afa033a7-e3b7-45da-9416-a249fe79c7f0 id=0x7f094d33)
[FMF:FIELD] *** FindMoreFriendsUI.B1 (long) = 0 ← NON-ZERO/TRUE
[FMF:FIELD] *** FindMoreFriendsUI.C1 (boolean) = false ← NON-ZERO/TRUE
[FMF:FIELD] *** FindMoreFriendsUI.D (boolean) = false ← NON-ZERO/TRUE
[FMF:FIELD] *** FindMoreFriendsUI.D1 (boolean) = false ← NON-ZERO/TRUE
[FMF:FIELD] *** FindMoreFriendsUI.E (boolean) = true ← NON-ZERO/TRUE
[FMF:FIELD] *** FindMoreFriendsUI.F (boolean) = false ← NON-ZERO/TRUE
[FMF:FIELD] *** FindMoreFriendsUI.G (boolean) = false ← NON-ZERO/TRUE
[FMF:FIELD] *** FindMoreFriendsUI.H (boolean) = false ← NON-ZERO/TRUE
[FMF:FIELD] *** FindMoreFriendsUI.I (boolean) = false ← NON-ZERO/TRUE
[FMF:FIELD] *** FindMoreFriendsUI.J (int) = 0 ← NON-ZERO/TRUE
[FMF:FIELD] *** FindMoreFriendsUI.J1 (boolean) = false ← NON-ZERO/TRUE
[FMF:FIELD] *** FindMoreFriendsUI.K (long) = 0 ← NON-ZERO/TRUE
[FMF:FIELD] *** FindMoreFriendsUI.L (boolean) = false ← NON-ZERO/TRUE
[FMF:FIELD] *** FindMoreFriendsUI.N (int) = 0 ← NON-ZERO/TRUE
[FMF:FIELD] *** FindMoreFriendsUI.N1 (boolean) = false ← NON-ZERO/TRUE
[FMF:FIELD] *** FindMoreFriendsUI.O1 (boolean) = false ← NON-ZERO/TRUE
[FMF:FIELD] *** FindMoreFriendsUI.P (long) = 0 ← NON-ZERO/TRUE
[FMF:FIELD] *** FindMoreFriendsUI.Q (int) = 0 ← NON-ZERO/TRUE
[FMF:FIELD] *** FindMoreFriendsUI.R (long) = 0 ← NON-ZERO/TRUE
[FMF:FIELD] *** FindMoreFriendsUI.S (int) = 0 ← NON-ZERO/TRUE
[FMF:FIELD] *** FindMoreFriendsUI.s (long) = 0 ← NON-ZERO/TRUE
[FMF:FIELD] *** FindMoreFriendsUI.y (int) = 0 ← NON-ZERO/TRUE
[FMF:FIELD] *** AbstractTabChildPreference.m (boolean) = true ← NON-ZERO/TRUE
[FMF:FIELD] *** AbstractTabChildPreference.o (boolean) = false ← NON-ZERO/TRUE
[FMF:FIELD] *** AbstractTabChildPreference.p (boolean) = true ← NON-ZERO/TRUE
[FMF:FIELD] *** AbstractTabChildPreference.q (boolean) = false ← NON-ZERO/TRUE
[FMF:FIELD] *** AbstractTabChildPreference.r (boolean) = false ← NON-ZERO/TRUE
[FMF:FIELD] *** MMPreferenceFragment.g (boolean) = false ← NON-ZERO/TRUE
[FMF:FIELD] *** MMPreferenceFragment.h (boolean) = false ← NON-ZERO/TRUE
[FMF:FIELD] *** MMFragment.bounceEnable (boolean) = true ← NON-ZERO/TRUE
[FMF:FIELD] *** MMFragment.mCurVisible (boolean) = false ← NON-ZERO/TRUE
[FMF:FIELD] *** MMFragment.mParentVisible (boolean) = true ← NON-ZERO/TRUE
[FMF:FIELD] *** MMFragment.DEFAULT_TOAST_TIME (int) = 3000 ← NON-ZERO/TRUE
[FMF:FIELD] *** FragmentActivitySupport.hasDestory (boolean) = false ← NON-ZERO/TRUE
[FMF:FIELD] *** FragmentActivitySupport.isCurrentActivity (boolean) = false ← NON-ZERO/TRUE
[FMF:FIELD] *** Fragment.mAdded (boolean) = true ← NON-ZERO/TRUE
[FMF:FIELD] *** Fragment.mBackStackNesting (int) = 0 ← NON-ZERO/TRUE
[FMF:FIELD] *** Fragment.mCalled (boolean) = true ← NON-ZERO/TRUE
[FMF:FIELD] *** Fragment.mContainerId (int) = 2131316019 ← NON-ZERO/TRUE
[FMF:FIELD] *** Fragment.mContentLayoutId (int) = 0 ← NON-ZERO/TRUE
[FMF:FIELD] *** Fragment.mDeferStart (boolean) = false ← NON-ZERO/TRUE
[FMF:FIELD] *** Fragment.mDetached (boolean) = false ← NON-ZERO/TRUE
[FMF:FIELD] *** Fragment.mFragmentId (int) = 2131316019 ← NON-ZERO/TRUE
[FMF:FIELD] *** Fragment.mFromLayout (boolean) = false ← NON-ZERO/TRUE
[FMF:FIELD] *** Fragment.mHasMenu (boolean) = true ← NON-ZERO/TRUE
[FMF:FIELD] *** Fragment.mHidden (boolean) = false ← NON-ZERO/TRUE
[FMF:FIELD] *** Fragment.mHiddenChanged (boolean) = false ← NON-ZERO/TRUE
[FMF:FIELD] *** Fragment.mInLayout (boolean) = false ← NON-ZERO/TRUE
[FMF:FIELD] *** Fragment.mIsCreated (boolean) = true ← NON-ZERO/TRUE
[FMF:FIELD] *** Fragment.mIsNewlyAdded (boolean) = false ← NON-ZERO/TRUE
[FMF:FIELD] *** Fragment.mMenuVisible (boolean) = false ← NON-ZERO/TRUE
[FMF:FIELD] *** Fragment.mPerformedCreateView (boolean) = true ← NON-ZERO/TRUE
[FMF:FIELD] *** Fragment.mRemoving (boolean) = false ← NON-ZERO/TRUE
[FMF:FIELD] *** Fragment.mRestored (boolean) = false ← NON-ZERO/TRUE
[FMF:FIELD] *** Fragment.mRetainInstance (boolean) = false ← NON-ZERO/TRUE
[FMF:FIELD] *** Fragment.mRetainInstanceChangedWhileDetached (boolean) = false ← NON-ZERO/TRUE
[FMF:FIELD] *** Fragment.mState (int) = 7 ← NON-ZERO/TRUE
[FMF:FIELD] *** Fragment.mTargetRequestCode (int) = 0 ← NON-ZERO/TRUE
[FMF:FIELD] *** Fragment.mUserVisibleHint (boolean) = false ← NON-ZERO/TRUE
[FMF:FIELD] *** Fragment.ACTIVITY_CREATED (int) = 4 ← NON-ZERO/TRUE
[FMF:FIELD] *** Fragment.ATTACHED (int) = 0 ← NON-ZERO/TRUE
[FMF:FIELD] *** Fragment.AWAITING_ENTER_EFFECTS (int) = 6 ← NON-ZERO/TRUE
[FMF:FIELD] *** Fragment.AWAITING_EXIT_EFFECTS (int) = 3 ← NON-ZERO/TRUE
[FMF:FIELD] *** Fragment.CREATED (int) = 1 ← NON-ZERO/TRUE
[FMF:FIELD] *** Fragment.INITIALIZING (int) = -1 ← NON-ZERO/TRUE
[FMF:FIELD] *** Fragment.RESUMED (int) = 7 ← NON-ZERO/TRUE
[FMF:FIELD] *** Fragment.STARTED (int) = 5 ← NON-ZERO/TRUE
[FMF:FIELD] *** Fragment.VIEW_CREATED (int) = 2 ← NON-ZERO/TRUE
[SCAN] FMF scan done
[SCAN] looking for LauncherUI instances...
[LAUNCH:INST] found: com.tencent.mm.ui.LauncherUI@795651e
[LAUNCH:FIELD] *** LauncherUI.o (boolean) = true
[LAUNCH:FIELD] *** LauncherUI.p (boolean) = true
[LAUNCH:FIELD] *** LauncherUI.q (boolean) = false
[LAUNCH:FIELD] *** LauncherUI.v (boolean) = false
[LAUNCH:FIELD] *** LauncherUI.w (int) = 0
[LAUNCH:FIELD] *** LauncherUI.x (boolean) = false
[LAUNCH:FIELD] *** LauncherUI.A (boolean) = false
[LAUNCH:FIELD] *** LauncherUI.B (boolean) = false
[LAUNCH:FIELD] *** BaseMvvmFragmentActivity.g (boolean) = true
[LAUNCH:FIELD] *** VASLauncher.e (boolean) = false
[LAUNCH:FIELD] *** VASLauncher.f (int) = 0
[LAUNCH:FIELD] *** MMFragmentActivity.mIsPaused (boolean) = false
[LAUNCH:FIELD] *** MMFragmentActivity.mSwiping (boolean) = false
[LAUNCH:FIELD] *** MMFragmentActivity.updateForceResource (boolean) = false
[LAUNCH:FIELD] *** MMFragmentActivity.updateResource (boolean) = true
[LAUNCH:FIELD] *** UIComponentActivity.isFirstResume (boolean) = false
[LAUNCH:FIELD] *** UIComponentActivity.isWindowFocus (boolean) = true
[LAUNCH:FIELD] *** AppCompatActivity.mThemeId (int) = 2131820581
[LAUNCH:FIELD] *** FragmentActivity.mCreated (boolean) = true
[LAUNCH:FIELD] *** FragmentActivity.mResumed (boolean) = true
[LAUNCH:FIELD] *** FragmentActivity.mStopped (boolean) = false
[LAUNCH:FIELD] *** ComponentActivity.mContentLayoutId (int) = 0
[LAUNCH:FIELD] *** Activity.mActionModeTypeStarting (int) = 0
[LAUNCH:FIELD] *** Activity.mAutoFillIgnoreFirstResumePause (boolean) = false
[LAUNCH:FIELD] *** Activity.mAutoFillResetNeeded (boolean) = false
[LAUNCH:FIELD] *** Activity.mCalled (boolean) = true
[LAUNCH:FIELD] *** Activity.mCanEnterPictureInPicture (boolean) = true
[LAUNCH:FIELD] *** Activity.mChangeCanvasToTranslucent (boolean) = false
[LAUNCH:FIELD] *** Activity.mChangingConfigurations (boolean) = false
[LAUNCH:FIELD] *** Activity.mConfigChangeFlags (int) = 0
[LAUNCH:FIELD] *** Activity.mDefaultKeyMode (int) = 0
[LAUNCH:FIELD] *** Activity.mDestroyed (boolean) = false
[LAUNCH:FIELD] *** Activity.mDoReportFullyDrawn (boolean) = true
[LAUNCH:FIELD] *** Activity.mEnableDefaultActionBarUp (boolean) = false
[LAUNCH:FIELD] *** Activity.mEnterAnimationComplete (boolean) = true
[LAUNCH:FIELD] *** Activity.mFinished (boolean) = false
[LAUNCH:FIELD] *** Activity.mHasCurrentPermissionsRequest (boolean) = false
[LAUNCH:FIELD] *** Activity.mIdent (int) = 216325027
[LAUNCH:FIELD] *** Activity.mIsInMultiWindowMode (boolean) = false
[LAUNCH:FIELD] *** Activity.mIsInPictureInPictureMode (boolean) = false
[LAUNCH:FIELD] *** Activity.mLastAutofillId (int) = 1073741823
[LAUNCH:FIELD] *** Activity.mRestoredFromBundle (boolean) = false
[LAUNCH:FIELD] *** Activity.mResultCode (int) = 0
[LAUNCH:FIELD] *** Activity.mResumed (boolean) = true
[LAUNCH:FIELD] *** Activity.mStartedActivity (boolean) = false
[LAUNCH:FIELD] *** Activity.mStopped (boolean) = false
[LAUNCH:FIELD] *** Activity.mTitleColor (int) = 0
[LAUNCH:FIELD] *** Activity.mTitleReady (boolean) = true
[LAUNCH:FIELD] *** Activity.mVisibleFromClient (boolean) = true
[LAUNCH:FIELD] *** Activity.mVisibleFromServer (boolean) = true
[LAUNCH:FIELD] *** Activity.mWindowAdded (boolean) = true
[LAUNCH:FIELD] *** Activity.CONTENT_CAPTURE_PAUSE (int) = 3
[LAUNCH:FIELD] *** Activity.CONTENT_CAPTURE_RESUME (int) = 2
[LAUNCH:FIELD] *** Activity.CONTENT_CAPTURE_START (int) = 1
[LAUNCH:FIELD] *** Activity.CONTENT_CAPTURE_STOP (int) = 4
[LAUNCH:FIELD] *** Activity.DEBUG_LIFECYCLE (boolean) = false
[LAUNCH:FIELD] *** Activity.DEFAULT_KEYS_DIALER (int) = 1
[LAUNCH:FIELD] *** Activity.DEFAULT_KEYS_DISABLE (int) = 0
[LAUNCH:FIELD] *** Activity.DEFAULT_KEYS_SEARCH_GLOBAL (int) = 4
[LAUNCH:FIELD] *** Activity.DEFAULT_KEYS_SEARCH_LOCAL (int) = 3
[LAUNCH:FIELD] *** Activity.DEFAULT_KEYS_SHORTCUT (int) = 2
[LAUNCH:FIELD] *** Activity.DONT_FINISH_TASK_WITH_ACTIVITY (int) = 0
[LAUNCH:FIELD] *** Activity.FINISH_TASK_WITH_ACTIVITY (int) = 2
[LAUNCH:FIELD] *** Activity.FINISH_TASK_WITH_ROOT_ACTIVITY (int) = 1
[LAUNCH:FIELD] *** Activity.LOG_AM_ON_ACTIVITY_RESULT_CALLED (int) = 30062
[LAUNCH:FIELD] *** Activity.LOG_AM_ON_CREATE_CALLED (int) = 30057
[LAUNCH:FIELD] *** Activity.LOG_AM_ON_DESTROY_CALLED (int) = 30060
[LAUNCH:FIELD] *** Activity.LOG_AM_ON_PAUSE_CALLED (int) = 30021
[LAUNCH:FIELD] *** Activity.LOG_AM_ON_RESTART_CALLED (int) = 30058
[LAUNCH:FIELD] *** Activity.LOG_AM_ON_RESUME_CALLED (int) = 30022
[LAUNCH:FIELD] *** Activity.LOG_AM_ON_START_CALLED (int) = 30059
[LAUNCH:FIELD] *** Activity.LOG_AM_ON_STOP_CALLED (int) = 30049
[LAUNCH:FIELD] *** Activity.LOG_AM_ON_TOP_RESUMED_GAINED_CALLED (int) = 30064
[LAUNCH:FIELD] *** Activity.LOG_AM_ON_TOP_RESUMED_LOST_CALLED (int) = 30065
[LAUNCH:FIELD] *** Activity.RESULT_CANCELED (int) = 0
[LAUNCH:FIELD] *** Activity.RESULT_FIRST_USER (int) = 1
[LAUNCH:FIELD] *** Activity.RESULT_OK (int) = -1
[LAUNCH:FIELD] *** ContextThemeWrapper.mThemeResource (int) = 2131820581
[LAUNCH:FIELD] *** Context.BIND_ABOVE_CLIENT (int) = 8
[LAUNCH:FIELD] *** Context.BIND_ADJUST_WITH_ACTIVITY (int) = 128
[LAUNCH:FIELD] *** Context.BIND_ALLOW_BACKGROUND_ACTIVITY_STARTS (int) = 1048576
[LAUNCH:FIELD] *** Context.BIND_ALLOW_INSTANT (int) = 4194304
[LAUNCH:FIELD] *** Context.BIND_ALLOW_OOM_MANAGEMENT (int) = 16
[LAUNCH:FIELD] *** Context.BIND_ALLOW_WHITELIST_MANAGEMENT (int) = 16777216
[LAUNCH:FIELD] *** Context.BIND_AUTO_CREATE (int) = 1
[LAUNCH:FIELD] *** Context.BIND_DEBUG_UNBIND (int) = 2
[LAUNCH:FIELD] *** Context.BIND_EXTERNAL_SERVICE (int) = -2147483648
[LAUNCH:FIELD] *** Context.BIND_FOREGROUND_SERVICE (int) = 67108864
[LAUNCH:FIELD] *** Context.BIND_FOREGROUND_SERVICE_WHILE_AWAKE (int) = 33554432
[LAUNCH:FIELD] *** Context.BIND_IMPORTANT (int) = 64
[LAUNCH:FIELD] *** Context.BIND_IMPORTANT_BACKGROUND (int) = 8388608
[LAUNCH:FIELD] *** Context.BIND_INCLUDE_CAPABILITIES (int) = 4096
[LAUNCH:FIELD] *** Context.BIND_NOT_FOREGROUND (int) = 4
[LAUNCH:FIELD] *** Context.BIND_NOT_PERCEPTIBLE (int) = 256
[LAUNCH:FIELD] *** Context.BIND_NOT_VISIBLE (int) = 1073741824
[LAUNCH:FIELD] *** Context.BIND_REDUCTION_FLAGS (int) = 1073742128
[LAUNCH:FIELD] *** Context.BIND_RESTRICT_ASSOCIATIONS (int) = 2097152
[LAUNCH:FIELD] *** Context.BIND_SCHEDULE_LIKE_TOP_APP (int) = 524288
[LAUNCH:FIELD] *** Context.BIND_SHOWING_UI (int) = 536870912
[LAUNCH:FIELD] *** Context.BIND_TREAT_LIKE_ACTIVITY (int) = 134217728
[LAUNCH:FIELD] *** Context.BIND_VISIBLE (int) = 268435456
[LAUNCH:FIELD] *** Context.BIND_WAIVE_PRIORITY (int) = 32
[LAUNCH:FIELD] *** Context.CONTEXT_CREDENTIAL_PROTECTED_STORAGE (int) = 16
[LAUNCH:FIELD] *** Context.CONTEXT_DEVICE_PROTECTED_STORAGE (int) = 8
[LAUNCH:FIELD] *** Context.CONTEXT_IGNORE_SECURITY (int) = 2
[LAUNCH:FIELD] *** Context.CONTEXT_INCLUDE_CODE (int) = 1
[LAUNCH:FIELD] *** Context.CONTEXT_REGISTER_PACKAGE (int) = 1073741824
[LAUNCH:FIELD] *** Context.CONTEXT_RESTRICTED (int) = 4
[LAUNCH:FIELD] *** Context.MODE_APPEND (int) = 32768
[LAUNCH:FIELD] *** Context.MODE_ENABLE_WRITE_AHEAD_LOGGING (int) = 8
[LAUNCH:FIELD] *** Context.MODE_MULTI_PROCESS (int) = 4
[LAUNCH:FIELD] *** Context.MODE_NO_LOCALIZED_COLLATORS (int) = 16
[LAUNCH:FIELD] *** Context.MODE_PRIVATE (int) = 0
[LAUNCH:FIELD] *** Context.MODE_WORLD_READABLE (int) = 1
[LAUNCH:FIELD] *** Context.MODE_WORLD_WRITEABLE (int) = 2
[LAUNCH:FIELD] *** Context.RECEIVER_VISIBLE_TO_INSTANT_APPS (int) = 1
[LAUNCH:FIELD] *** Context.sLastAutofillId (int) = 0
[SCAN] LauncherUI scan done
