     ____
    / _  |   Frida 17.9.10 - A world-class dynamic instrumentation toolkit
   | (_| |
    > _  |   Commands:
   /_/ |_|       help      -> Displays the help system
   . . . .       object?   -> Display information about 'object'
   . . . .       exit/quit -> Exit
   . . . .
   . . . .   More info at https://frida.re/docs/home/
   . . . .
   . . . .   Connected to MI 9 (id=609b4b18)
Attaching...
21:00:16 [ANCHOR] 进程=Java.Field{holder: ApplicationInfo{24c6b9c com.tencent.mm}, fieldType: 2, fieldReturnType: Ljava/lang/String;, value: com.tencent.mm}
21:00:16 [ANCHOR] NotificationManager.notify hooked OK
21:00:16 [ANCHOR] NotificationManager.notify(int,Notif) hooked OK
21:00:16 [ANCHOR] === 请让密友 wxid_lzd2va16jd1622 发消息 ===
21:00:16 [ANCHOR] 关注：调用栈里第1个 com.tencent.mm.* 类 = 实际通知入口
[MI 9::PID::17889 ]-> 21:01:11 [ANCHOR:NM] notify id=-525958226 talker=?
    调用栈:
    java.lang.Thread.getStackTrace(Thread.java:1736)
    android.app.NotificationManager.notify(Native Method)
    z2.n1.c(Unknown Source:71)
    com.tencent.mm.booter.notification.NotificationItem.a(Unknown Source:151)
    com.tencent.mm.booter.notification.a.a(Unknown Source:205)
    com.tencent.mm.booter.notification.e0.a(Unknown Source:147)
    com.tencent.mm.booter.notification.m0.a(Unknown Source:2007)
    com.tencent.mm.booter.notification.x.d(Unknown Source:1546)
    com.tencent.mm.booter.notification.w.handleMessage(Unknown Source:71)
    com.tencent.mm.sdk.platformtools.i3.handleMessage(Unknown Source:2)
    android.os.Handler.dispatchMessage(Handler.java:106)
    com.tencent.mm.sdk.platformtools.i3.dispatchMessage(Unknown Source:33)
21:01:12 [ANCHOR:NM] notify id=-525958226 talker=?
    调用栈:
    java.lang.Thread.getStackTrace(Thread.java:1736)
    android.app.NotificationManager.notify(Native Method)
    z2.n1.c(Unknown Source:71)
    com.tencent.mm.booter.notification.NotificationItem.a(Unknown Source:151)
    com.tencent.mm.booter.notification.a.a(Unknown Source:205)
    com.tencent.mm.booter.notification.e0.a(Unknown Source:147)
    com.tencent.mm.booter.notification.m0.a(Unknown Source:2007)
    com.tencent.mm.booter.notification.x.d(Unknown Source:1546)
    com.tencent.mm.booter.notification.w.handleMessage(Unknown Source:71)
    com.tencent.mm.sdk.platformtools.i3.handleMessage(Unknown Source:2)
    android.os.Handler.dispatchMessage(Handler.java:106)
    com.tencent.mm.sdk.platformtools.i3.dispatchMessage(Unknown Source:33)
21:01:13 [ANCHOR:NM] notify id=-525958226 talker=?
    调用栈:
    java.lang.Thread.getStackTrace(Thread.java:1736)
    android.app.NotificationManager.notify(Native Method)
    z2.n1.c(Unknown Source:71)
    com.tencent.mm.booter.notification.NotificationItem.a(Unknown Source:151)
    com.tencent.mm.booter.notification.a.a(Unknown Source:205)
    com.tencent.mm.booter.notification.e0.a(Unknown Source:147)
    com.tencent.mm.booter.notification.m0.a(Unknown Source:2007)
    com.tencent.mm.booter.notification.x.d(Unknown Source:1546)
    com.tencent.mm.booter.notification.w.handleMessage(Unknown Source:71)
    com.tencent.mm.sdk.platformtools.i3.handleMessage(Unknown Source:2)
    android.os.Handler.dispatchMessage(Handler.java:106)
    com.tencent.mm.sdk.platformtools.i3.dispatchMessage(Unknown Source:33)
21:01:13 [ANCHOR:NM] notify id=-525958226 talker=?
    调用栈:
    java.lang.Thread.getStackTrace(Thread.java:1736)
    android.app.NotificationManager.notify(Native Method)
    z2.n1.c(Unknown Source:71)
    com.tencent.mm.booter.notification.NotificationItem.a(Unknown Source:151)
    com.tencent.mm.booter.notification.a.a(Unknown Source:205)
    com.tencent.mm.booter.notification.e0.a(Unknown Source:147)
    com.tencent.mm.booter.notification.m0.a(Unknown Source:2007)
    com.tencent.mm.booter.notification.x.d(Unknown Source:1546)
    com.tencent.mm.booter.notification.w.handleMessage(Unknown Source:71)
    com.tencent.mm.sdk.platformtools.i3.handleMessage(Unknown Source:2)
    android.os.Handler.dispatchMessage(Handler.java:106)
    com.tencent.mm.sdk.platformtools.i3.dispatchMessage(Unknown Source:33)
21:01:14 [ANCHOR:NM] notify id=-525958226 talker=?
    调用栈:
    java.lang.Thread.getStackTrace(Thread.java:1736)
    android.app.NotificationManager.notify(Native Method)
    z2.n1.c(Unknown Source:71)
    com.tencent.mm.booter.notification.NotificationItem.a(Unknown Source:151)
    com.tencent.mm.booter.notification.a.a(Unknown Source:205)
    com.tencent.mm.booter.notification.e0.a(Unknown Source:147)
    com.tencent.mm.booter.notification.m0.a(Unknown Source:2007)
    com.tencent.mm.booter.notification.x.d(Unknown Source:1546)
    com.tencent.mm.booter.notification.w.handleMessage(Unknown Source:71)
    com.tencent.mm.sdk.platformtools.i3.handleMessage(Unknown Source:2)
    android.os.Handler.dispatchMessage(Handler.java:106)
    com.tencent.mm.sdk.platformtools.i3.dispatchMessage(Unknown Source:33)
21:01:14 [ANCHOR:NM] notify id=-525958226 talker=?
    调用栈:
    java.lang.Thread.getStackTrace(Thread.java:1736)
    android.app.NotificationManager.notify(Native Method)
    z2.n1.c(Unknown Source:71)
    com.tencent.mm.booter.notification.NotificationItem.a(Unknown Source:151)
    com.tencent.mm.booter.notification.a.a(Unknown Source:205)
    com.tencent.mm.booter.notification.e0.a(Unknown Source:147)
    com.tencent.mm.booter.notification.m0.a(Unknown Source:2007)
    com.tencent.mm.booter.notification.x.d(Unknown Source:1546)
    com.tencent.mm.booter.notification.w.handleMessage(Unknown Source:71)
    com.tencent.mm.sdk.platformtools.i3.handleMessage(Unknown Source:2)
    android.os.Handler.dispatchMessage(Handler.java:106)
    com.tencent.mm.sdk.platformtools.i3.dispatchMessage(Unknown Source:33)
21:01:15 [ANCHOR:NM] notify id=-525958226 talker=?
    调用栈:
    java.lang.Thread.getStackTrace(Thread.java:1736)
    android.app.NotificationManager.notify(Native Method)
    z2.n1.c(Unknown Source:71)
    com.tencent.mm.booter.notification.NotificationItem.a(Unknown Source:151)
    com.tencent.mm.booter.notification.a.a(Unknown Source:205)
    com.tencent.mm.booter.notification.e0.a(Unknown Source:147)
    com.tencent.mm.booter.notification.m0.a(Unknown Source:2007)
    com.tencent.mm.booter.notification.x.d(Unknown Source:1546)
    com.tencent.mm.booter.notification.w.handleMessage(Unknown Source:71)
    com.tencent.mm.sdk.platformtools.i3.handleMessage(Unknown Source:2)
    android.os.Handler.dispatchMessage(Handler.java:106)
    com.tencent.mm.sdk.platformtools.i3.dispatchMessage(Unknown Source:33)
21:01:15 [ANCHOR:NM] notify id=-525958226 talker=?
    调用栈:
    java.lang.Thread.getStackTrace(Thread.java:1736)
    android.app.NotificationManager.notify(Native Method)
    z2.n1.c(Unknown Source:71)
    com.tencent.mm.booter.notification.NotificationItem.a(Unknown Source:151)
    com.tencent.mm.booter.notification.a.a(Unknown Source:205)
    com.tencent.mm.booter.notification.e0.a(Unknown Source:147)
    com.tencent.mm.booter.notification.m0.a(Unknown Source:2007)
    com.tencent.mm.booter.notification.x.d(Unknown Source:1546)
    com.tencent.mm.booter.notification.w.handleMessage(Unknown Source:71)
    com.tencent.mm.sdk.platformtools.i3.handleMessage(Unknown Source:2)
    android.os.Handler.dispatchMessage(Handler.java:106)
    com.tencent.mm.sdk.platformtools.i3.dispatchMessage(Unknown Source:33)
21:01:16 [ANCHOR:NM] notify id=-525958226 talker=?
    调用栈:
    java.lang.Thread.getStackTrace(Thread.java:1736)
    android.app.NotificationManager.notify(Native Method)
    z2.n1.c(Unknown Source:71)
    com.tencent.mm.booter.notification.NotificationItem.a(Unknown Source:151)
    com.tencent.mm.booter.notification.a.a(Unknown Source:205)
    com.tencent.mm.booter.notification.e0.a(Unknown Source:147)
    com.tencent.mm.booter.notification.m0.a(Unknown Source:2007)
    com.tencent.mm.booter.notification.x.d(Unknown Source:1546)
    com.tencent.mm.booter.notification.w.handleMessage(Unknown Source:71)
    com.tencent.mm.sdk.platformtools.i3.handleMessage(Unknown Source:2)
    android.os.Handler.dispatchMessage(Handler.java:106)
    com.tencent.mm.sdk.platformtools.i3.dispatchMessage(Unknown Source:33)
21:01:17 [ANCHOR:NM] notify id=-525958226 talker=?
    调用栈:
    java.lang.Thread.getStackTrace(Thread.java:1736)
    android.app.NotificationManager.notify(Native Method)
    z2.n1.c(Unknown Source:71)
    com.tencent.mm.booter.notification.NotificationItem.a(Unknown Source:151)
    com.tencent.mm.booter.notification.a.a(Unknown Source:205)
    com.tencent.mm.booter.notification.e0.a(Unknown Source:147)
    com.tencent.mm.booter.notification.m0.a(Unknown Source:2007)
    com.tencent.mm.booter.notification.x.d(Unknown Source:1546)
    com.tencent.mm.booter.notification.w.handleMessage(Unknown Source:71)
    com.tencent.mm.sdk.platformtools.i3.handleMessage(Unknown Source:2)
    android.os.Handler.dispatchMessage(Handler.java:106)
    com.tencent.mm.sdk.platformtools.i3.dispatchMessage(Unknown Source:33)
21:01:17 [ANCHOR:NM] notify id=-525958226 talker=?
    调用栈:
    java.lang.Thread.getStackTrace(Thread.java:1736)
    android.app.NotificationManager.notify(Native Method)
    z2.n1.c(Unknown Source:71)
    com.tencent.mm.booter.notification.NotificationItem.a(Unknown Source:151)
    com.tencent.mm.booter.notification.a.a(Unknown Source:205)
    com.tencent.mm.booter.notification.e0.a(Unknown Source:147)
    com.tencent.mm.booter.notification.m0.a(Unknown Source:2007)
    com.tencent.mm.booter.notification.x.d(Unknown Source:1546)
    com.tencent.mm.booter.notification.w.handleMessage(Unknown Source:71)
    com.tencent.mm.sdk.platformtools.i3.handleMessage(Unknown Source:2)
    android.os.Handler.dispatchMessage(Handler.java:106)
    com.tencent.mm.sdk.platformtools.i3.dispatchMessage(Unknown Source:33)
21:01:17 [ANCHOR:NM] notify id=-525958226 talker=?
    调用栈:
    java.lang.Thread.getStackTrace(Thread.java:1736)
    android.app.NotificationManager.notify(Native Method)
    z2.n1.c(Unknown Source:71)
    com.tencent.mm.booter.notification.NotificationItem.a(Unknown Source:151)
    com.tencent.mm.booter.notification.a.a(Unknown Source:205)
    com.tencent.mm.booter.notification.e0.a(Unknown Source:147)
    com.tencent.mm.booter.notification.m0.a(Unknown Source:2007)
    com.tencent.mm.booter.notification.x.d(Unknown Source:1546)
    com.tencent.mm.booter.notification.w.handleMessage(Unknown Source:71)
    com.tencent.mm.sdk.platformtools.i3.handleMessage(Unknown Source:2)
    android.os.Handler.dispatchMessage(Handler.java:106)
    com.tencent.mm.sdk.platformtools.i3.dispatchMessage(Unknown Source:33)
