     ____
    / _  |   Frida 17.9.10 - A world-class dynamic instrumentation toolkit
   | (_| |
    > _  |   Commands:
   /_/ |_|       help      -> Displays the help system
   . . . .       object?   -> Display information about 'object'
   . . . .       exit/quit -> Exit
   . . . .
   . . . .   More info at https://frida.re/docs/home/
   . . . .
   . . . .   Connected to MI 9 (id=609b4b18)
Attaching...
20:49:25.459 [PFP:INIT] ½ø³Ì=Java.Field{holder: ApplicationInfo{24c6b9c com.tencent.mm}, fieldType: 2, fieldReturnType: Ljava/lang/String;, value: com.tencent.mm} MAIN
20:49:25.468 [PFP:MISS] com.tencent.mm.booter.notification.x: not a function
20:49:25.471 [PFP:MISS] com.tencent.mm.booter.notification.h0: not a function
20:49:25.473 [PFP:MISS] com.tencent.mm.booter.notification.NotificationItem: not a function
20:49:25.475 [PFP:MISS] com.tencent.mm.booter.notification.e: not a function
20:49:25.480 [PFP:MISS] com.tencent.mm.booter.notification.d: not a function
20:49:25.483 [PFP:MISS] com.tencent.mm.booter.notification.t: not a function
20:49:25.489 [PFP:MISS] com.tencent.mm.ui.MainTabUI: not a function
20:49:25.499 [PFP:MISS] com.tencent.mm.ui.LauncherUI: not a function
20:49:25.501 [PFP:MISS] com.tencent.mm.ui.maintab.MainTabUnreadMgr: java.lang.ClassNotFoundException: Didn't find class "com.tencent.mm.ui.maintab.MainTabUnreadMgr" on path: DexPathList[[zip file "/data/user/0/com.tencent.mm/tinker/patch-b2c53cd6/dex/tinker_classN.apk"],nativeLibraryDirectories=[/data/user/0/com.tencent.mm/tinker/patch-b2c53cd6/lib/lib/arm64-v8a, /data/app/~~3b70A491-llST8--4goL8w==/com.tencent.mm-6Z-QeOfO6j_nv-YH34JDqA==/lib/arm64, /data/app/~~3b70A491-llST8--4goL8w==/com.tencent.mm-6Z-QeOfO6j_nv-YH34JDqA==/base.apk!/lib/arm64-v8a, /system/lib64, /system/system_ext/lib64]]
20:49:26.796 [PFP:MISS] com.tencent.mm.ui.MainTabUI$$a: not a function
20:49:27.342 [PFP:MISS] com.tencent.mm.ui.LauncherUI: not a function
20:49:27.613 [PFP:MISS] com.tencent.mm.ui.LauncherUIBottomTabView: not a function
20:49:27.677 [PFP:MISS] com.tencent.mm.ui.MainTabUI$TabsAdapter: not a function
Failed to load script: timeout was reached

Thank you for using Frida!
