     ____
    / _  |   Frida 17.9.10 - A world-class dynamic instrumentation toolkit
   | (_| |
    > _  |   Commands:
   /_/ |_|       help      -> Displays the help system
   . . . .       object?   -> Display information about 'object'
   . . . .       exit/quit -> Exit
   . . . .
   . . . .   More info at https://frida.re/docs/home/
   . . . .
   . . . .   Connected to MI 9 (id=609b4b18)
Attaching...
19:30:32 [PNV2:INIT] === probe_push_notif_v2.js ===
19:30:36 [PNV2:SCAN] booter.notification 候选类: 49
19:30:36 [PNV2:CAND] com.tencent.mm.booter.notification.queue.NotificationQueue$ParcelNotificationQueue
19:30:36 [PNV2:CAND] com.tencent.mm.booter.notification.MMNotification$2
19:30:36 [PNV2:CAND] com.tencent.mm.booter.notification.MMNotification$3
19:30:36 [PNV2:CAND] com.tencent.mm.booter.notification.a0
19:30:36 [PNV2:CAND] com.tencent.mm.booter.notification.b0
19:30:36 [PNV2:CAND] com.tencent.mm.booter.notification.e0
19:30:36 [PNV2:CAND] com.tencent.mm.booter.notification.f0
19:30:36 [PNV2:CAND] com.tencent.mm.booter.notification.g0
19:30:36 [PNV2:CAND] com.tencent.mm.booter.notification.h0
19:30:36 [PNV2:CAND] com.tencent.mm.booter.notification.i0
19:30:36 [PNV2:CAND] com.tencent.mm.booter.notification.a
19:30:36 [PNV2:CAND] com.tencent.mm.booter.notification.b
19:30:36 [PNV2:CAND] com.tencent.mm.booter.notification.c
19:30:36 [PNV2:CAND] com.tencent.mm.booter.notification.d
19:30:36 [PNV2:CAND] com.tencent.mm.booter.notification.r
19:30:36 [PNV2:CAND] com.tencent.mm.booter.notification.s
19:30:36 [PNV2:CAND] com.tencent.mm.booter.notification.t
19:30:36 [PNV2:CAND] com.tencent.mm.booter.notification.w
19:30:36 [PNV2:CAND] com.tencent.mm.booter.notification.x
19:30:36 [PNV2:CAND] com.tencent.mm.booter.notification.z
19:30:36 [PNV2:CAND] com.tencent.mm.booter.notification.l0
19:30:36 [PNV2:CAND] com.tencent.mm.booter.notification.m0
19:30:36 [PNV2:CAND] com.tencent.mm.booter.notification.queue.NotificationQueue$ParcelNotificationQueue
19:30:36 [PNV2:CAND] com.tencent.mm.booter.notification.MMNotification$2
19:30:36 [PNV2:CAND] com.tencent.mm.booter.notification.MMNotification$3
19:30:36 [PNV2:CAND] com.tencent.mm.booter.notification.a0
19:30:36 [PNV2:CAND] com.tencent.mm.booter.notification.b0
19:30:36 [PNV2:CAND] com.tencent.mm.booter.notification.c0
19:30:36 [PNV2:CAND] com.tencent.mm.booter.notification.d0
19:30:36 [PNV2:CAND] com.tencent.mm.booter.notification.e0
19:30:36 [PNV2:CAND] com.tencent.mm.booter.notification.f0
19:30:36 [PNV2:CAND] com.tencent.mm.booter.notification.g0
19:30:36 [PNV2:CAND] com.tencent.mm.booter.notification.h0
19:30:36 [PNV2:CAND] com.tencent.mm.booter.notification.i0
19:30:36 [PNV2:CAND] com.tencent.mm.booter.notification.a
19:30:36 [PNV2:CAND] com.tencent.mm.booter.notification.b
19:30:36 [PNV2:CAND] com.tencent.mm.booter.notification.c
19:30:36 [PNV2:CAND] com.tencent.mm.booter.notification.d
19:30:36 [PNV2:CAND] com.tencent.mm.booter.notification.r
19:30:36 [PNV2:CAND] com.tencent.mm.booter.notification.s
19:30:36 [PNV2:CAND] com.tencent.mm.booter.notification.t
19:30:36 [PNV2:CAND] com.tencent.mm.booter.notification.w
19:30:36 [PNV2:CAND] com.tencent.mm.booter.notification.x
19:30:36 [PNV2:CAND] com.tencent.mm.booter.notification.z
19:30:36 [PNV2:CAND] com.tencent.mm.booter.notification.l0
19:30:36 [PNV2:CAND] com.tencent.mm.booter.notification.m0
19:30:36 [PNV2:CAND] [Lcom.tencent.mm.booter.notification.d;
19:30:36 [PNV2:CAND] [Lcom.tencent.mm.booter.notification.t;
19:30:36 [PNV2:CAND] [Lcom.tencent.mm.booter.notification.b0;
19:30:36 [PNV2:ERR] com.tencent.mm.booter.notification.queue.NotificationQueue$ParcelNotificationQueue: Error: java.lang.ClassNotFoundException: com.tencent.mm.booter.notification.queue.NotificationQueue$ParcelNotificationQueue
19:30:36 [PNV2:ERR] com.tencent.mm.booter.notification.MMNotification$2: Error: java.lang.ClassNotFoundException: com.tencent.mm.booter.notification.MMNotification$2
19:30:36 [PNV2:ERR] com.tencent.mm.booter.notification.MMNotification$3: Error: java.lang.ClassNotFoundException: com.tencent.mm.booter.notification.MMNotification$3
19:30:36 [PNV2:ERR] com.tencent.mm.booter.notification.a0: Error: java.lang.ClassNotFoundException: com.tencent.mm.booter.notification.a0
19:30:36 [PNV2:ERR] com.tencent.mm.booter.notification.b0: Error: java.lang.ClassNotFoundException: com.tencent.mm.booter.notification.b0
19:30:36 [PNV2:ERR] com.tencent.mm.booter.notification.e0: Error: java.lang.ClassNotFoundException: com.tencent.mm.booter.notification.e0
19:30:36 [PNV2:ERR] com.tencent.mm.booter.notification.f0: Error: java.lang.ClassNotFoundException: com.tencent.mm.booter.notification.f0
19:30:36 [PNV2:ERR] com.tencent.mm.booter.notification.g0: Error: java.lang.ClassNotFoundException: com.tencent.mm.booter.notification.g0
19:30:36 [PNV2:ERR] com.tencent.mm.booter.notification.h0: Error: java.lang.ClassNotFoundException: com.tencent.mm.booter.notification.h0
19:30:36 [PNV2:ERR] com.tencent.mm.booter.notification.i0: Error: java.lang.ClassNotFoundException: com.tencent.mm.booter.notification.i0
19:30:36 [PNV2:ERR] com.tencent.mm.booter.notification.a: Error: java.lang.ClassNotFoundException: com.tencent.mm.booter.notification.a
19:30:36 [PNV2:ERR] com.tencent.mm.booter.notification.b: Error: java.lang.ClassNotFoundException: com.tencent.mm.booter.notification.b
19:30:36 [PNV2:ERR] com.tencent.mm.booter.notification.c: Error: java.lang.ClassNotFoundException: com.tencent.mm.booter.notification.c
19:30:36 [PNV2:ERR] com.tencent.mm.booter.notification.d: Error: java.lang.ClassNotFoundException: com.tencent.mm.booter.notification.d
19:30:36 [PNV2:ERR] com.tencent.mm.booter.notification.r: Error: java.lang.ClassNotFoundException: com.tencent.mm.booter.notification.r
19:30:36 [PNV2:ERR] com.tencent.mm.booter.notification.s: Error: java.lang.ClassNotFoundException: com.tencent.mm.booter.notification.s
19:30:36 [PNV2:ERR] com.tencent.mm.booter.notification.t: Error: java.lang.ClassNotFoundException: com.tencent.mm.booter.notification.t
19:30:36 [PNV2:ERR] com.tencent.mm.booter.notification.w: Error: java.lang.ClassNotFoundException: com.tencent.mm.booter.notification.w
19:30:36 [PNV2:ERR] com.tencent.mm.booter.notification.x: Error: java.lang.ClassNotFoundException: com.tencent.mm.booter.notification.x
19:30:36 [PNV2:ERR] com.tencent.mm.booter.notification.z: Error: java.lang.ClassNotFoundException: com.tencent.mm.booter.notification.z
19:30:36 [PNV2:ERR] com.tencent.mm.booter.notification.l0: Error: java.lang.ClassNotFoundException: com.tencent.mm.booter.notification.l0
19:30:36 [PNV2:ERR] com.tencent.mm.booter.notification.m0: Error: java.lang.ClassNotFoundException: com.tencent.mm.booter.notification.m0
19:30:36 [PNV2:ERR] com.tencent.mm.booter.notification.queue.NotificationQueue$ParcelNotificationQueue: Error: java.lang.ClassNotFoundException: com.tencent.mm.booter.notification.queue.NotificationQueue$ParcelNotificationQueue
19:30:36 [PNV2:ERR] com.tencent.mm.booter.notification.MMNotification$2: Error: java.lang.ClassNotFoundException: com.tencent.mm.booter.notification.MMNotification$2
19:30:36 [PNV2:ERR] com.tencent.mm.booter.notification.MMNotification$3: Error: java.lang.ClassNotFoundException: com.tencent.mm.booter.notification.MMNotification$3
19:30:36 [PNV2:ERR] com.tencent.mm.booter.notification.a0: Error: java.lang.ClassNotFoundException: com.tencent.mm.booter.notification.a0
19:30:36 [PNV2:ERR] com.tencent.mm.booter.notification.b0: Error: java.lang.ClassNotFoundException: com.tencent.mm.booter.notification.b0
19:30:36 [PNV2:ERR] com.tencent.mm.booter.notification.c0: Error: java.lang.ClassNotFoundException: com.tencent.mm.booter.notification.c0
19:30:36 [PNV2:ERR] com.tencent.mm.booter.notification.d0: Error: java.lang.ClassNotFoundException: com.tencent.mm.booter.notification.d0
19:30:36 [PNV2:ERR] com.tencent.mm.booter.notification.e0: Error: java.lang.ClassNotFoundException: com.tencent.mm.booter.notification.e0
19:30:36 [PNV2:ERR] com.tencent.mm.booter.notification.f0: Error: java.lang.ClassNotFoundException: com.tencent.mm.booter.notification.f0
19:30:36 [PNV2:ERR] com.tencent.mm.booter.notification.g0: Error: java.lang.ClassNotFoundException: com.tencent.mm.booter.notification.g0
19:30:36 [PNV2:ERR] com.tencent.mm.booter.notification.h0: Error: java.lang.ClassNotFoundException: com.tencent.mm.booter.notification.h0
19:30:36 [PNV2:ERR] com.tencent.mm.booter.notification.i0: Error: java.lang.ClassNotFoundException: com.tencent.mm.booter.notification.i0
19:30:36 [PNV2:ERR] com.tencent.mm.booter.notification.a: Error: java.lang.ClassNotFoundException: com.tencent.mm.booter.notification.a
19:30:36 [PNV2:ERR] com.tencent.mm.booter.notification.b: Error: java.lang.ClassNotFoundException: com.tencent.mm.booter.notification.b
19:30:36 [PNV2:ERR] com.tencent.mm.booter.notification.c: Error: java.lang.ClassNotFoundException: com.tencent.mm.booter.notification.c
19:30:36 [PNV2:ERR] com.tencent.mm.booter.notification.d: Error: java.lang.ClassNotFoundException: com.tencent.mm.booter.notification.d
19:30:36 [PNV2:ERR] com.tencent.mm.booter.notification.r: Error: java.lang.ClassNotFoundException: com.tencent.mm.booter.notification.r
19:30:36 [PNV2:ERR] com.tencent.mm.booter.notification.s: Error: java.lang.ClassNotFoundException: com.tencent.mm.booter.notification.s
19:30:36 [PNV2:ERR] com.tencent.mm.booter.notification.t: Error: java.lang.ClassNotFoundException: com.tencent.mm.booter.notification.t
19:30:36 [PNV2:ERR] com.tencent.mm.booter.notification.w: Error: java.lang.ClassNotFoundException: com.tencent.mm.booter.notification.w
19:30:36 [PNV2:ERR] com.tencent.mm.booter.notification.x: Error: java.lang.ClassNotFoundException: com.tencent.mm.booter.notification.x
19:30:36 [PNV2:ERR] com.tencent.mm.booter.notification.z: Error: java.lang.ClassNotFoundException: com.tencent.mm.booter.notification.z
19:30:36 [PNV2:ERR] com.tencent.mm.booter.notification.l0: Error: java.lang.ClassNotFoundException: com.tencent.mm.booter.notification.l0
19:30:36 [PNV2:ERR] com.tencent.mm.booter.notification.m0: Error: java.lang.ClassNotFoundException: com.tencent.mm.booter.notification.m0
19:30:36 [PNV2:ERR] [Lcom.tencent.mm.booter.notification.d;: Error: java.lang.ClassNotFoundException: [Lcom.tencent.mm.booter.notification.d;
19:30:36 [PNV2:ERR] [Lcom.tencent.mm.booter.notification.t;: Error: java.lang.ClassNotFoundException: [Lcom.tencent.mm.booter.notification.t;
19:30:36 [PNV2:ERR] [Lcom.tencent.mm.booter.notification.b0;: Error: java.lang.ClassNotFoundException: [Lcom.tencent.mm.booter.notification.b0;
19:30:36 [PNV2:SCAN] === hooks 安装完毕，请按 Home 然后让好友发消息 ===
19:30:36 [PNV2:INIT] NotificationManager.notify hooked
19:30:36 [PNV2:INIT] === 等待推送，请按 Home 后让好友发消息 ===
[MI 9::PID::21798 ]-> 19:30:51 [PNV2:ALIVE] waiting for push...
19:31:06 [PNV2:ALIVE] waiting for push...
19:31:21 [PNV2:ALIVE] waiting for push...
19:31:36 [PNV2:ALIVE] waiting for push...
19:31:51 [PNV2:ALIVE] waiting for push...
19:32:06 [PNV2:ALIVE] waiting for push...
^C