     ____
    / _  |   Frida 17.9.10 - A world-class dynamic instrumentation toolkit
   | (_| |
    > _  |   Commands:
   /_/ |_|       help      -> Displays the help system
   . . . .       object?   -> Display information about 'object'
   . . . .       exit/quit -> Exit
   . . . .
   . . . .   More info at https://frida.re/docs/home/
   . . . .
   . . . .   Connected to MI 9 (id=609b4b18)
Attaching...
19:28:31 [NOTIF_P1:INIT] === probe_push_notif_8071.js loaded ===
19:28:31 [NOTIF_P1:INIT] 目标：找 replaceNotification(Message) 8.0.71 等价 + talker 提取路径
19:28:34 [NOTIF_P1:SCAN] 通知相关类: 98 个
19:28:34 [NOTIF_P1:CAND_CLS] com.tencent.mm.plugin.appbrand.backgroundrunning.service.AppBrandForegroundNotificationService1
TypeError: cannot read property 'com.tencent.mm.plugin.appbrand.backgroundrunning.service.AppBrandForegroundNotificationService1' of undefined
    at hookNotifClass (c:\Users\Me\Desktop\guard_native\tools\probe_push_notif_8071.js:147)
    at <anonymous> (c:\Users\Me\Desktop\guard_native\tools\probe_push_notif_8071.js:102)
    at forEach (native)
    at onComplete (c:\Users\Me\Desktop\guard_native\tools\probe_push_notif_8071.js:103)
    at _enumerateLoadedClassesArt (/frida/bridges/java.js:8)
    at enumerateLoadedClasses (/frida/bridges/java.js:8)
    at <anonymous> (c:\Users\Me\Desktop\guard_native\tools\probe_push_notif_8071.js:107)
    at <anonymous> (/frida/bridges/java.js:1)
    at _performPendingVmOps (/frida/bridges/java.js:8)
    at <anonymous> (/frida/bridges/java.js:8)
    at <anonymous> (/frida/bridges/java.js:1)
    at _performPendingVmOpsWhenReady (/frida/bridges/java.js:8)
    at perform (/frida/bridges/java.js:8)
    at <anonymous> (c:\Users\Me\Desktop\guard_native\tools\probe_push_notif_8071.js:142)
    at <eval> (c:\Users\Me\Desktop\guard_native\tools\probe_push_notif_8071.js:217)
[MI 9::PID::21798 ]-> ^C