     ____
    / _  |   Frida 17.9.10 - A world-class dynamic instrumentation toolkit
   | (_| |
    > _  |   Commands:
   /_/ |_|       help      -> Displays the help system
   . . . .       object?   -> Display information about 'object'
   . . . .       exit/quit -> Exit
   . . . .
   . . . .   More info at https://frida.re/docs/home/
   . . . .
   . . . .   Connected to MI 9 (id=609b4b18)
Attaching...
21:27:20 [OK] NotificationItem.a hooked, 等语音/视频通话...
[MI 9::PID::17889 ]-> 21:27:30 [CALL] h=null
        toString=id: 41,msgId: 0,userName: null,unreadCount: 0
        title=? text=?
        proc=Java.Field{holder: ApplicationInfo{24c6b9c com.tencent.mm}, fieldType: 2, fieldReturnType: Ljava/lang/String;, value: com.tencent.mm}
21:27:45 [CALL] h=null
        toString=id: 41,msgId: 0,userName: null,unreadCount: 0
        title=? text=?
        proc=Java.Field{holder: ApplicationInfo{24c6b9c com.tencent.mm}, fieldType: 2, fieldReturnType: Ljava/lang/String;, value: com.tencent.mm}
21:27:49 [CALL] h=wxid_lzd2va16jd1622 ★TARGET★
        toString=id: -525958226,msgId: 0,userName: wxid_lzd2va16jd1622,unreadCount: 218
        title=? text=?
        proc=Java.Field{holder: ApplicationInfo{24c6b9c com.tencent.mm}, fieldType: 2, fieldReturnType: Ljava/lang/String;, value: com.tencent.mm}
