     ____
    / _  |   Frida 17.9.10 - A world-class dynamic instrumentation toolkit
   | (_| |
    > _  |   Commands:
   /_/ |_|       help      -> Displays the help system
   . . . .       object?   -> Display information about 'object'
   . . . .       exit/quit -> Exit
   . . . .
   . . . .   More info at https://frida.re/docs/home/
   . . . .
   . . . .   Connected to MI 9 (id=609b4b18)
Attaching...
21:20:00 [OK] w.handleMessage hooked
21:20:00 [x.d] found: d(com.tencent.mm.booter.notification.x,java.lang.String,java.lang.String,int,int,boolean)
21:20:00 [NotificationItem] 11 fields:
    d : int
    e : android.graphics.Bitmap
    f : android.app.Notification
    g : android.app.PendingIntent
    h : java.lang.String
    i : long
    m : int
    n : boolean
    o : int
    p : int
    CREATOR : android.os.Parcelable$Creator
21:20:00 [NotificationItem] 4 methods (a-z):
    a(Context)
    describeContents()
    toString()
    writeToParcel(Parcel,int)
21:20:00 [OK] NM.notify extras probe hooked
21:20:00 === 探针就绪，切后台让密友发消息 ===
[MI 9::PID::17889 ]-> 21:21:26 [w.handleMessage] what=Java.Field{holder: { when=-23ms what=0 target=com.tencent.mm.sdk.platformtools.i3 }, fieldType: 2, fieldReturnType: I, value: 0} arg1=Java.Field{holder: { when=-24ms what=0 target=com.tencent.mm.sdk.platformtools.i3 }, fieldType: 2, fieldReturnType: I, value: 0} obj=Java.Field{holder: { when=-25ms what=0 target=com.tencent.mm.sdk.platformtools.i3 }, fieldType: 2, fieldReturnType: [object Object], value: null}
21:21:26 [NM.notify] id=-525958226 extras keys=[]
21:21:27 [w.handleMessage] what=Java.Field{holder: { when=-47ms what=0 target=com.tencent.mm.sdk.platformtools.i3 }, fieldType: 2, fieldReturnType: I, value: 0} arg1=Java.Field{holder: { when=-47ms what=0 target=com.tencent.mm.sdk.platformtools.i3 }, fieldType: 2, fieldReturnType: I, value: 0} obj=Java.Field{holder: { when=-48ms what=0 target=com.tencent.mm.sdk.platformtools.i3 }, fieldType: 2, fieldReturnType: [object Object], value: null}
21:21:27 [NM.notify] id=-525958226 extras keys=[]
21:21:27 [w.handleMessage] what=Java.Field{holder: { when=-147ms what=0 target=com.tencent.mm.sdk.platformtools.i3 }, fieldType: 2, fieldReturnType: I, value: 0} arg1=Java.Field{holder: { when=-148ms what=0 target=com.tencent.mm.sdk.platformtools.i3 }, fieldType: 2, fieldReturnType: I, value: 0} obj=Java.Field{holder: { when=-148ms what=0 target=com.tencent.mm.sdk.platformtools.i3 }, fieldType: 2, fieldReturnType: [object Object], value: null}
21:21:27 [NM.notify] id=-525958226 extras keys=[]
21:21:28 [w.handleMessage] what=Java.Field{holder: { when=-5ms what=0 target=com.tencent.mm.sdk.platformtools.i3 }, fieldType: 2, fieldReturnType: I, value: 0} arg1=Java.Field{holder: { when=-5ms what=0 target=com.tencent.mm.sdk.platformtools.i3 }, fieldType: 2, fieldReturnType: I, value: 0} obj=Java.Field{holder: { when=-6ms what=0 target=com.tencent.mm.sdk.platformtools.i3 }, fieldType: 2, fieldReturnType: [object Object], value: null}
21:21:28 [NM.notify] id=-525958226 extras keys=[]
21:21:28 [w.handleMessage] what=Java.Field{holder: { when=-68ms what=0 target=com.tencent.mm.sdk.platformtools.i3 }, fieldType: 2, fieldReturnType: I, value: 0} arg1=Java.Field{holder: { when=-69ms what=0 target=com.tencent.mm.sdk.platformtools.i3 }, fieldType: 2, fieldReturnType: I, value: 0} obj=Java.Field{holder: { when=-69ms what=0 target=com.tencent.mm.sdk.platformtools.i3 }, fieldType: 2, fieldReturnType: [object Object], value: null}
21:21:28 [NM.notify] id=-525958226 extras keys=[]
21:21:28 [w.handleMessage] what=Java.Field{holder: { when=-17ms what=0 target=com.tencent.mm.sdk.platformtools.i3 }, fieldType: 2, fieldReturnType: I, value: 0} arg1=Java.Field{holder: { when=-17ms what=0 target=com.tencent.mm.sdk.platformtools.i3 }, fieldType: 2, fieldReturnType: I, value: 0} obj=Java.Field{holder: { when=-18ms what=0 target=com.tencent.mm.sdk.platformtools.i3 }, fieldType: 2, fieldReturnType: [object Object], value: null}
21:21:28 [NM.notify] id=-525958226 extras keys=[]
21:21:29 [w.handleMessage] what=Java.Field{holder: { when=-49ms what=0 target=com.tencent.mm.sdk.platformtools.i3 }, fieldType: 2, fieldReturnType: I, value: 0} arg1=Java.Field{holder: { when=-49ms what=0 target=com.tencent.mm.sdk.platformtools.i3 }, fieldType: 2, fieldReturnType: I, value: 0} obj=Java.Field{holder: { when=-50ms what=0 target=com.tencent.mm.sdk.platformtools.i3 }, fieldType: 2, fieldReturnType: [object Object], value: null}
21:21:29 [NM.notify] id=-525958226 extras keys=[]
21:21:29 [w.handleMessage] what=Java.Field{holder: { when=-63ms what=0 target=com.tencent.mm.sdk.platformtools.i3 }, fieldType: 2, fieldReturnType: I, value: 0} arg1=Java.Field{holder: { when=-63ms what=0 target=com.tencent.mm.sdk.platformtools.i3 }, fieldType: 2, fieldReturnType: I, value: 0} obj=Java.Field{holder: { when=-63ms what=0 target=com.tencent.mm.sdk.platformtools.i3 }, fieldType: 2, fieldReturnType: [object Object], value: null}
21:21:29 [NM.notify] id=-525958226 extras keys=[]
21:21:29 [w.handleMessage] what=Java.Field{holder: { when=-96ms what=0 target=com.tencent.mm.sdk.platformtools.i3 }, fieldType: 2, fieldReturnType: I, value: 0} arg1=Java.Field{holder: { when=-97ms what=0 target=com.tencent.mm.sdk.platformtools.i3 }, fieldType: 2, fieldReturnType: I, value: 0} obj=Java.Field{holder: { when=-97ms what=0 target=com.tencent.mm.sdk.platformtools.i3 }, fieldType: 2, fieldReturnType: [object Object], value: null}
21:21:29 [NM.notify] id=-525958226 extras keys=[]
21:21:30 [w.handleMessage] what=Java.Field{holder: { when=-12ms what=0 target=com.tencent.mm.sdk.platformtools.i3 }, fieldType: 2, fieldReturnType: I, value: 0} arg1=Java.Field{holder: { when=-12ms what=0 target=com.tencent.mm.sdk.platformtools.i3 }, fieldType: 2, fieldReturnType: I, value: 0} obj=Java.Field{holder: { when=-13ms what=0 target=com.tencent.mm.sdk.platformtools.i3 }, fieldType: 2, fieldReturnType: [object Object], value: null}
21:21:30 [NM.notify] id=-525958226 extras keys=[]
21:21:30 [w.handleMessage] what=Java.Field{holder: { when=-63ms what=0 target=com.tencent.mm.sdk.platformtools.i3 }, fieldType: 2, fieldReturnType: I, value: 0} arg1=Java.Field{holder: { when=-64ms what=0 target=com.tencent.mm.sdk.platformtools.i3 }, fieldType: 2, fieldReturnType: I, value: 0} obj=Java.Field{holder: { when=-64ms what=0 target=com.tencent.mm.sdk.platformtools.i3 }, fieldType: 2, fieldReturnType: [object Object], value: null}
21:21:30 [NM.notify] id=-525958226 extras keys=[]
21:21:31 [w.handleMessage] what=Java.Field{holder: { when=-13ms what=0 target=com.tencent.mm.sdk.platformtools.i3 }, fieldType: 2, fieldReturnType: I, value: 0} arg1=Java.Field{holder: { when=-13ms what=0 target=com.tencent.mm.sdk.platformtools.i3 }, fieldType: 2, fieldReturnType: I, value: 0} obj=Java.Field{holder: { when=-14ms what=0 target=com.tencent.mm.sdk.platformtools.i3 }, fieldType: 2, fieldReturnType: [object Object], value: null}
21:21:31 [NM.notify] id=-525958226 extras keys=[]
21:21:31 [w.handleMessage] what=Java.Field{holder: { when=-113ms what=0 target=com.tencent.mm.sdk.platformtools.i3 }, fieldType: 2, fieldReturnType: I, value: 0} arg1=Java.Field{holder: { when=-114ms what=0 target=com.tencent.mm.sdk.platformtools.i3 }, fieldType: 2, fieldReturnType: I, value: 0} obj=Java.Field{holder: { when=-114ms what=0 target=com.tencent.mm.sdk.platformtools.i3 }, fieldType: 2, fieldReturnType: [object Object], value: null}
21:21:31 [NM.notify] id=-525958226 extras keys=[]
21:21:31 [w.handleMessage] what=Java.Field{holder: { when=-18ms what=0 target=com.tencent.mm.sdk.platformtools.i3 }, fieldType: 2, fieldReturnType: I, value: 0} arg1=Java.Field{holder: { when=-18ms what=0 target=com.tencent.mm.sdk.platformtools.i3 }, fieldType: 2, fieldReturnType: I, value: 0} obj=Java.Field{holder: { when=-19ms what=0 target=com.tencent.mm.sdk.platformtools.i3 }, fieldType: 2, fieldReturnType: [object Object], value: null}
21:21:31 [NM.notify] id=-525958226 extras keys=[]
21:21:31 [w.handleMessage] what=Java.Field{holder: { when=-94ms what=0 target=com.tencent.mm.sdk.platformtools.i3 }, fieldType: 2, fieldReturnType: I, value: 0} arg1=Java.Field{holder: { when=-94ms what=0 target=com.tencent.mm.sdk.platformtools.i3 }, fieldType: 2, fieldReturnType: I, value: 0} obj=Java.Field{holder: { when=-95ms what=0 target=com.tencent.mm.sdk.platformtools.i3 }, fieldType: 2, fieldReturnType: [object Object], value: null}
21:21:31 [NM.notify] id=-525958226 extras keys=[]
21:21:32 [w.handleMessage] what=Java.Field{holder: { when=-3ms what=0 target=com.tencent.mm.sdk.platformtools.i3 }, fieldType: 2, fieldReturnType: I, value: 0} arg1=Java.Field{holder: { when=-3ms what=0 target=com.tencent.mm.sdk.platformtools.i3 }, fieldType: 2, fieldReturnType: I, value: 0} obj=Java.Field{holder: { when=-4ms what=0 target=com.tencent.mm.sdk.platformtools.i3 }, fieldType: 2, fieldReturnType: [object Object], value: null}
21:21:32 [NM.notify] id=-525958226 extras keys=[]
21:21:32 [w.handleMessage] what=Java.Field{holder: { when=-72ms what=0 target=com.tencent.mm.sdk.platformtools.i3 }, fieldType: 2, fieldReturnType: I, value: 0} arg1=Java.Field{holder: { when=-72ms what=0 target=com.tencent.mm.sdk.platformtools.i3 }, fieldType: 2, fieldReturnType: I, value: 0} obj=Java.Field{holder: { when=-73ms what=0 target=com.tencent.mm.sdk.platformtools.i3 }, fieldType: 2, fieldReturnType: [object Object], value: null}
21:21:32 [NM.notify] id=-525958226 extras keys=[]
21:21:33 [w.handleMessage] what=Java.Field{holder: { when=-38ms what=0 target=com.tencent.mm.sdk.platformtools.i3 }, fieldType: 2, fieldReturnType: I, value: 0} arg1=Java.Field{holder: { when=-39ms what=0 target=com.tencent.mm.sdk.platformtools.i3 }, fieldType: 2, fieldReturnType: I, value: 0} obj=Java.Field{holder: { when=-39ms what=0 target=com.tencent.mm.sdk.platformtools.i3 }, fieldType: 2, fieldReturnType: [object Object], value: null}
21:21:33 [NM.notify] id=-525958226 extras keys=[]
21:21:40 [w.handleMessage] what=Java.Field{holder: { when=0 what=0 target=com.tencent.mm.sdk.platformtools.i3 }, fieldType: 2, fieldReturnType: I, value: 0} arg1=Java.Field{holder: { when=-1ms what=0 target=com.tencent.mm.sdk.platformtools.i3 }, fieldType: 2, fieldReturnType: I, value: 0} obj=Java.Field{holder: { when=-1ms what=0 target=com.tencent.mm.sdk.platformtools.i3 }, fieldType: 2, fieldReturnType: [object Object], value: null}
21:21:40 [w.handleMessage] what=Java.Field{holder: { when=-46ms what=0 target=com.tencent.mm.sdk.platformtools.i3 }, fieldType: 2, fieldReturnType: I, value: 0} arg1=Java.Field{holder: { when=-47ms what=0 target=com.tencent.mm.sdk.platformtools.i3 }, fieldType: 2, fieldReturnType: I, value: 0} obj=Java.Field{holder: { when=-48ms what=0 target=com.tencent.mm.sdk.platformtools.i3 }, fieldType: 2, fieldReturnType: [object Object], value: null}
21:21:40 [w.handleMessage] what=Java.Field{holder: { when=-55ms what=0 target=com.tencent.mm.sdk.platformtools.i3 }, fieldType: 2, fieldReturnType: I, value: 0} arg1=Java.Field{holder: { when=-55ms what=0 target=com.tencent.mm.sdk.platformtools.i3 }, fieldType: 2, fieldReturnType: I, value: 0} obj=Java.Field{holder: { when=-56ms what=0 target=com.tencent.mm.sdk.platformtools.i3 }, fieldType: 2, fieldReturnType: [object Object], value: null}
