     ____
    / _  |   Frida 17.9.10 - A world-class dynamic instrumentation toolkit
   | (_| |
    > _  |   Commands:
   /_/ |_|       help      -> Displays the help system
   . . . .       object?   -> Display information about 'object'
   . . . .       exit/quit -> Exit
   . . . .
   . . . .   More info at https://frida.re/docs/home/
   . . . .
   . . . .   Connected to 127.0.0.1:27042 (id=socket@127.0.0.1:27042)
Attaching...
21:56:31.924 [NM:INIT] === probe_nm_notify.js attached to 8.0.71 ===
21:56:32.581 [NM:INIT] NM.notify hooked ¡ª ÇëÈÃÃÜÓÑ wxid_lzd2va16jd1622 ·¢ÏûÏ¢
[Remote::PID::30023 ]-> 21:56:32.768 [NM:NOTIFY] tag=null id=-525958226
21:56:33.756 [NM:NOTIFY] tag=null id=-525958226
21:56:36.240 [NM:NOTIFY] tag=null id=41
21:57:08.455 [NM:NOTIFY] tag=null id=-525958226
21:57:09.181 [NM:NOTIFY] tag=null id=-525958226
Process terminated

Thank you for using Frida!
