     ____
    / _  |   Frida 17.9.10 - A world-class dynamic instrumentation toolkit
   | (_| |
    > _  |   Commands:
   /_/ |_|       help      -> Displays the help system
   . . . .       object?   -> Display information about 'object'
   . . . .       exit/quit -> Exit
   . . . .
   . . . .   More info at https://frida.re/docs/home/
   . . . .
   . . . .   Connected to MI 9 (id=609b4b18)
Attaching...
19:26:25 [KC5X:INIT] kc5.x 共 9 个方法
19:26:25 [KC5X:SIG] d(com.tencent.mm.storage.l4, com.tencent.mm.storage.z3)→kc5.y
19:26:25 [KC5X:SIG] e(com.tencent.mm.storage.l4, kc5.y, com.tencent.mm.storage.z3)→void
19:26:25 [KC5X:SIG] f(com.tencent.mm.storage.l4)→java.lang.CharSequence
19:26:25 [KC5X:SIG] g(kc5.j0)→kc5.k0
19:26:25 [KC5X:SIG] h(java.lang.String)→kc5.y
19:26:25 [KC5X:SIG] i()→w45.d0
19:26:25 [KC5X:SIG] j(kc5.y)→boolean
19:26:25 [KC5X:SIG] k(int, java.lang.String)→void
19:26:25 [KC5X:SIG] l()→void
19:26:25 [KC5X:INIT] g(kc5.j0) hooked
19:26:25 [KC5X:INIT] ArrayList.add(Object) probe installed (filter kc5.y only)
19:26:25 [KC5X:INIT] === probe ready — 刷新会话列表触发 ===
[MI 9::PID::21528 ]-> Process terminated

Thank you for using Frida!
Fatal Python error: _enter_buffered_busy: could not acquire lock for <_io.BufferedReader name='<stdin>'> at interpreter shutdown, possibly due to daemon threads
Python runtime state: finalizing (tstate=0x00007ffd3d132fe8)

Current thread 0x0001608c (most recent call first):
  <no Python frame>
