STDOUT:
     ____
    / _  |   Frida 17.9.10 - A world-class dynamic instrumentation toolkit
   | (_| |
    > _  |   Commands:
   /_/ |_|       help      -> Displays the help system
   . . . .       object?   -> Display information about 'object'
   . . . .       exit/quit -> Exit
   . . . .
   . . . .   More info at https://frida.re/docs/home/
   . . . .
   . . . .   Connected to MI 9 (id=609b4b18)
Spawning `com.tencent.mm`...
Spawned `com.tencent.mm`. Resuming main thread!
[MI 9::com.tencent.mm ]-> [W1] total methods: 16
[W1-METHOD] B1(1 args) -> int
[W1-METHOD] C2(0 args) -> boolean
[W1-METHOD] E1(0 args) -> int
[W1-METHOD] G1(0 args) -> java.lang.String
[W1-METHOD] N1(0 args) -> android.database.Cursor
[W1-METHOD] O1(1 args) -> android.database.Cursor
[W1-METHOD] a2(1 args) -> android.database.Cursor
[W1-METHOD] f(0 args) -> int
[W1-METHOD] j2(0 args) -> int
[W1-METHOD] o1(1 args) -> boolean
[W1-METHOD] o2(1 args) -> int
[W1-METHOD] p1(3 args) -> boolean
[W1-METHOD] q1(3 args) -> com.tencent.mm.plugin.sns.storage.v1
[W1-METHOD] t2(1 args) -> int
[W1-METHOD] v2(4 args) -> boolean
[W1-METHOD] w2(2 args) -> boolean
[MMKV] decodeBool hooked
[MMKV] decodeInt hooked
[MMKV] decodeLong hooked
[INIT] all hooks installed, watching for 60s...

STDERR:

