     ____
    / _  |   Frida 17.9.10 - A world-class dynamic instrumentation toolkit
   | (_| |
    > _  |   Commands:
   /_/ |_|       help      -> Displays the help system
   . . . .       object?   -> Display information about 'object'
   . . . .       exit/quit -> Exit
   . . . .
   . . . .   More info at https://frida.re/docs/home/
   . . . .
   . . . .   Connected to MI 9 (id=609b4b18)
Attaching...
19:53:21 [VERIFY] 进程=Java.Field{holder: ApplicationInfo{24c6b9c com.tencent.mm}, fieldType: 2, fieldReturnType: Ljava/lang/String;, value: com.tencent.mm}
19:53:21 [HOOK] L1 x.a(f9) OK
19:53:21 [HOOK] L4b MainTabUI.i() OK
19:53:21 [HOOK] L4c h0.d(int) OK
19:53:21 [VERIFY] === 请让密友 wxid_ahvd1wejo02f22 发消息 ===
[MI 9::PID::3512 ]-> 19:53:51 [VERIFY] 进程=Java.Field{holder: ApplicationInfo{24c6b9c com.tencent.mm}, fieldType: 2, fieldReturnType: Ljava/lang/String;, value: com.tencent.mm}
19:53:51 [HOOK] L1 x.a(f9) OK
19:53:52 [HOOK] L4b MainTabUI.i() OK
19:53:52 [HOOK] L4c h0.d(int) OK
19:53:52 [VERIFY] === 请让密友 wxid_ahvd1wejo02f22 发消息 ===
19:54:02 [KEEPALIVE]
19:54:12 [KEEPALIVE]
19:54:22 [KEEPALIVE]
19:54:24 [L1:x.a] \u2705 FIRED talker=wxid_lzd2va16jd1622 — push 总闸
19:54:24 [L1:x.a] \u2705 FIRED talker=wxid_lzd2va16jd1622 — push 总闸
19:54:24 [L1:x.a] \u2705 FIRED talker=wxid_lzd2va16jd1622 — push 总闸
19:54:24 [L1:x.a] \u2705 FIRED talker=wxid_lzd2va16jd1622 — push 总闸
19:54:24 [L1:x.a] \u2705 FIRED talker=wxid_lzd2va16jd1622 — push 总闸
19:54:24 [L1:x.a] \u2705 FIRED talker=wxid_lzd2va16jd1622 — push 总闸
19:54:24 [L1:x.a] \u2705 FIRED talker=wxid_lzd2va16jd1622 — push 总闸
19:54:24 [L1:x.a] \u2705 FIRED talker=wxid_lzd2va16jd1622 — push 总闸
19:54:24 [L1:x.a] \u2705 FIRED talker=wxid_lzd2va16jd1622 — push 总闸
19:54:24 [L1:x.a] \u2705 FIRED talker=wxid_lzd2va16jd1622 — push 总闸
19:54:24 [L1:x.a] \u2705 FIRED talker=wxid_lzd2va16jd1622 — push 总闸
19:54:24 [L1:x.a] \u2705 FIRED talker=wxid_lzd2va16jd1622 — push 总闸
19:54:24 [L1:x.a] \u2705 FIRED talker=wxid_lzd2va16jd1622 — push 总闸
19:54:24 [L1:x.a] \u2705 FIRED talker=wxid_lzd2va16jd1622 — push 总闸
19:54:24 [L1:x.a] \u2705 FIRED talker=wxid_lzd2va16jd1622 — push 总闸
19:54:24 [L1:x.a] \u2705 FIRED talker=wxid_lzd2va16jd1622 — push 总闸
19:54:24 [L1:x.a] \u2705 FIRED talker=wxid_lzd2va16jd1622 — push 总闸
19:54:24 [L1:x.a] \u2705 FIRED talker=wxid_lzd2va16jd1622 — push 总闸
19:54:24 [L1:x.a] \u2705 FIRED talker=wxid_lzd2va16jd1622 — push 总闸
19:54:24 [L1:x.a] \u2705 FIRED talker=wxid_lzd2va16jd1622 — push 总闸
19:54:24 [L1:x.a] \u2705 FIRED talker=wxid_lzd2va16jd1622 — push 总闸
19:54:24 [L1:x.a] \u2705 FIRED talker=wxid_lzd2va16jd1622 — push 总闸
19:54:24 [L1:x.a] \u2705 FIRED talker=wxid_lzd2va16jd1622 — push 总闸
19:54:24 [L1:x.a] \u2705 FIRED talker=wxid_lzd2va16jd1622 — push 总闸
19:54:24 [L1:x.a] \u2705 FIRED talker=wxid_lzd2va16jd1622 — push 总闸
19:54:24 [L1:x.a] \u2705 FIRED talker=wxid_lzd2va16jd1622 — push 总闸
19:54:24 [L1:x.a] \u2705 FIRED talker=wxid_lzd2va16jd1622 — push 总闸
19:54:24 [L1:x.a] \u2705 FIRED talker=wxid_lzd2va16jd1622 — push 总闸
19:54:24 [L1:x.a] \u2705 FIRED talker=wxid_lzd2va16jd1622 — push 总闸
19:54:24 [L1:x.a] \u2705 FIRED talker=wxid_lzd2va16jd1622 — push 总闸
19:54:24 [L1:x.a] \u2705 FIRED talker=wxid_lzd2va16jd1622 — push 总闸
19:54:24 [L1:x.a] \u2705 FIRED talker=wxid_lzd2va16jd1622 — push 总闸
19:54:24 [L1:x.a] \u2705 FIRED talker=wxid_lzd2va16jd1622 — push 总闸
19:54:24 [L1:x.a] \u2705 FIRED talker=wxid_lzd2va16jd1622 — push 总闸
19:54:24 [L1:x.a] \u2705 FIRED talker=wxid_lzd2va16jd1622 — push 总闸
19:54:24 [L1:x.a] \u2705 FIRED talker=wxid_lzd2va16jd1622 — push 总闸
19:54:24 [L1:x.a] \u2705 FIRED talker=wxid_lzd2va16jd1622 — push 总闸
19:54:24 [L1:x.a] \u2705 FIRED talker=wxid_lzd2va16jd1622 — push 总闸
19:54:24 [L1:x.a] \u2705 FIRED talker=wxid_lzd2va16jd1622 — push 总闸
19:54:24 [L1:x.a] \u2705 FIRED talker=wxid_lzd2va16jd1622 — push 总闸
19:54:24 [L1:x.a] \u2705 FIRED talker=wxid_lzd2va16jd1622 — push 总闸
19:54:24 [L1:x.a] \u2705 FIRED talker=wxid_lzd2va16jd1622 — push 总闸
19:54:24 [L1:x.a] \u2705 FIRED talker=wxid_lzd2va16jd1622 — push 总闸
19:54:24 [L1:x.a] \u2705 FIRED talker=wxid_lzd2va16jd1622 — push 总闸
19:54:24 [L1:x.a] \u2705 FIRED talker=wxid_lzd2va16jd1622 — push 总闸
19:54:24 [L1:x.a] \u2705 FIRED talker=wxid_lzd2va16jd1622 — push 总闸
19:54:24 [L1:x.a] \u2705 FIRED talker=wxid_lzd2va16jd1622 — push 总闸
19:54:24 [L1:x.a] \u2705 FIRED talker=wxid_lzd2va16jd1622 — push 总闸
19:54:24 [L1:x.a] \u2705 FIRED talker=wxid_lzd2va16jd1622 — push 总闸
19:54:24 [L1:x.a] \u2705 FIRED talker=wxid_lzd2va16jd1622 — push 总闸
19:54:24 [L1:x.a] \u2705 FIRED talker=wxid_lzd2va16jd1622 — push 总闸
19:54:24 [L1:x.a] \u2705 FIRED talker=wxid_lzd2va16jd1622 — push 总闸
19:54:24 [L1:x.a] \u2705 FIRED talker=wxid_lzd2va16jd1622 — push 总闸
19:54:24 [L1:x.a] \u2705 FIRED talker=wxid_lzd2va16jd1622 — push 总闸
19:54:24 [L1:x.a] \u2705 FIRED talker=wxid_lzd2va16jd1622 — push 总闸
19:54:24 [L1:x.a] \u2705 FIRED talker=wxid_lzd2va16jd1622 — push 总闸
19:54:24 [L1:x.a] \u2705 FIRED talker=wxid_lzd2va16jd1622 — push 总闸
19:54:24 [L1:x.a] \u2705 FIRED talker=wxid_lzd2va16jd1622 — push 总闸
19:54:24 [L1:x.a] \u2705 FIRED talker=wxid_lzd2va16jd1622 — push 总闸
19:54:24 [L1:x.a] \u2705 FIRED talker=wxid_lzd2va16jd1622 — push 总闸
19:54:24 [L1:x.a] \u2705 FIRED talker=wxid_lzd2va16jd1622 — push 总闸
19:54:24 [L1:x.a] \u2705 FIRED talker=wxid_lzd2va16jd1622 — push 总闸
19:54:24 [L1:x.a] \u2705 FIRED talker=wxid_lzd2va16jd1622 — push 总闸
19:54:24 [L1:x.a] \u2705 FIRED talker=wxid_lzd2va16jd1622 — push 总闸
19:54:24 [L1:x.a] \u2705 FIRED talker=wxid_lzd2va16jd1622 — push 总闸
19:54:24 [L1:x.a] \u2705 FIRED talker=wxid_lzd2va16jd1622 — push 总闸
19:54:24 [L1:x.a] \u2705 FIRED talker=wxid_lzd2va16jd1622 — push 总闸
19:54:24 [L1:x.a] \u2705 FIRED talker=wxid_lzd2va16jd1622 — push 总闸
19:54:24 [L1:x.a] \u2705 FIRED talker=wxid_lzd2va16jd1622 — push 总闸
19:54:24 [L1:x.a] \u2705 FIRED talker=wxid_lzd2va16jd1622 — push 总闸
19:54:24 [L1:x.a] \u2705 FIRED talker=wxid_lzd2va16jd1622 — push 总闸
19:54:24 [L1:x.a] \u2705 FIRED talker=wxid_lzd2va16jd1622 — push 总闸
19:54:24 [L1:x.a] \u2705 FIRED talker=wxid_lzd2va16jd1622 — push 总闸
19:54:24 [L1:x.a] \u2705 FIRED talker=wxid_lzd2va16jd1622 — push 总闸
19:54:24 [L1:x.a] \u2705 FIRED talker=wxid_lzd2va16jd1622 — push 总闸
19:54:24 [L1:x.a] \u2705 FIRED talker=wxid_lzd2va16jd1622 — push 总闸
19:54:24 [L1:x.a] \u2705 FIRED talker=wxid_lzd2va16jd1622 — push 总闸
19:54:24 [L1:x.a] \u2705 FIRED talker=wxid_lzd2va16jd1622 — push 总闸
19:54:24 [L1:x.a] \u2705 FIRED talker=wxid_lzd2va16jd1622 — push 总闸
19:54:24 [L1:x.a] \u2705 FIRED talker=wxid_lzd2va16jd1622 — push 总闸
19:54:24 [L1:x.a] \u2705 FIRED talker=wxid_lzd2va16jd1622 — push 总闸
19:54:24 [L1:x.a] \u2705 FIRED talker=wxid_lzd2va16jd1622 — push 总闸
19:54:24 [L1:x.a] \u2705 FIRED talker=wxid_lzd2va16jd1622 — push 总闸
19:54:24 [L1:x.a] \u2705 FIRED talker=wxid_lzd2va16jd1622 — push 总闸
19:54:24 [L1:x.a] \u2705 FIRED talker=wxid_lzd2va16jd1622 — push 总闸
19:54:24 [L1:x.a] \u2705 FIRED talker=wxid_lzd2va16jd1622 — push 总闸
19:54:24 [L1:x.a] \u2705 FIRED talker=wxid_lzd2va16jd1622 — push 总闸
19:54:24 [L1:x.a] \u2705 FIRED talker=wxid_lzd2va16jd1622 — push 总闸
19:54:24 [L1:x.a] \u2705 FIRED talker=wxid_lzd2va16jd1622 — push 总闸
19:54:24 [L1:x.a] \u2705 FIRED talker=wxid_lzd2va16jd1622 — push 总闸
19:54:24 [L1:x.a] \u2705 FIRED talker=wxid_lzd2va16jd1622 — push 总闸
19:54:24 [L1:x.a] \u2705 FIRED talker=wxid_lzd2va16jd1622 — push 总闸
19:54:24 [L1:x.a] \u2705 FIRED talker=wxid_lzd2va16jd1622 — push 总闸
19:54:24 [L1:x.a] \u2705 FIRED talker=wxid_lzd2va16jd1622 — push 总闸
19:54:24 [L1:x.a] \u2705 FIRED talker=wxid_lzd2va16jd1622 — push 总闸
19:54:24 [L1:x.a] \u2705 FIRED talker=wxid_lzd2va16jd1622 — push 总闸
19:54:24 [L1:x.a] \u2705 FIRED talker=wxid_lzd2va16jd1622 — push 总闸
19:54:24 [L1:x.a] \u2705 FIRED talker=wxid_lzd2va16jd1622 — push 总闸
19:54:24 [L1:x.a] \u2705 FIRED talker=wxid_lzd2va16jd1622 — push 总闸
19:54:24 [L1:x.a] \u2705 FIRED talker=wxid_lzd2va16jd1622 — push 总闸
19:54:24 [L1:x.a] \u2705 FIRED talker=wxid_lzd2va16jd1622 — push 总闸
19:54:24 [L1:x.a] \u2705 FIRED talker=wxid_lzd2va16jd1622 — push 总闸
19:54:24 [L1:x.a] \u2705 FIRED talker=wxid_lzd2va16jd1622 — push 总闸
19:54:24 [L1:x.a] \u2705 FIRED talker=wxid_lzd2va16jd1622 — push 总闸
19:54:24 [L1:x.a] \u2705 FIRED talker=wxid_lzd2va16jd1622 — push 总闸
19:54:24 [L1:x.a] \u2705 FIRED talker=wxid_lzd2va16jd1622 — push 总闸
19:54:24 [L1:x.a] \u2705 FIRED talker=wxid_lzd2va16jd1622 — push 总闸
19:54:24 [L1:x.a] \u2705 FIRED talker=wxid_lzd2va16jd1622 — push 总闸
19:54:24 [L1:x.a] \u2705 FIRED talker=wxid_lzd2va16jd1622 — push 总闸
19:54:24 [L1:x.a] \u2705 FIRED talker=wxid_lzd2va16jd1622 — push 总闸
19:54:24 [L1:x.a] \u2705 FIRED talker=wxid_lzd2va16jd1622 — push 总闸
19:54:24 [L1:x.a] \u2705 FIRED talker=wxid_lzd2va16jd1622 — push 总闸
19:54:24 [L1:x.a] \u2705 FIRED talker=wxid_lzd2va16jd1622 — push 总闸
19:54:24 [L1:x.a] \u2705 FIRED talker=wxid_lzd2va16jd1622 — push 总闸
19:54:24 [L1:x.a] \u2705 FIRED talker=wxid_lzd2va16jd1622 — push 总闸
19:54:24 [L1:x.a] \u2705 FIRED talker=wxid_lzd2va16jd1622 — push 总闸
19:54:24 [L1:x.a] \u2705 FIRED talker=wxid_lzd2va16jd1622 — push 总闸
19:54:24 [L1:x.a] \u2705 FIRED talker=wxid_lzd2va16jd1622 — push 总闸
19:54:24 [L1:x.a] \u2705 FIRED talker=wxid_lzd2va16jd1622 — push 总闸
19:54:24 [L1:x.a] \u2705 FIRED talker=wxid_lzd2va16jd1622 — push 总闸
19:54:24 [L1:x.a] \u2705 FIRED talker=wxid_lzd2va16jd1622 — push 总闸
19:54:24 [L1:x.a] \u2705 FIRED talker=wxid_lzd2va16jd1622 — push 总闸
19:54:24 [L1:x.a] \u2705 FIRED talker=wxid_lzd2va16jd1622 — push 总闸
19:54:24 [L1:x.a] \u2705 FIRED talker=wxid_lzd2va16jd1622 — push 总闸
19:54:24 [L1:x.a] \u2705 FIRED talker=wxid_lzd2va16jd1622 — push 总闸
19:54:24 [L1:x.a] \u2705 FIRED talker=wxid_lzd2va16jd1622 — push 总闸
19:54:24 [L1:x.a] \u2705 FIRED talker=wxid_lzd2va16jd1622 — push 总闸
19:54:24 [L1:x.a] \u2705 FIRED talker=wxid_lzd2va16jd1622 — push 总闸
19:54:24 [L1:x.a] \u2705 FIRED talker=wxid_lzd2va16jd1622 — push 总闸
19:54:24 [L1:x.a] \u2705 FIRED talker=wxid_lzd2va16jd1622 — push 总闸
19:54:24 [L1:x.a] \u2705 FIRED talker=wxid_lzd2va16jd1622 — push 总闸
19:54:24 [L1:x.a] \u2705 FIRED talker=wxid_lzd2va16jd1622 — push 总闸
19:54:24 [L1:x.a] \u2705 FIRED talker=wxid_lzd2va16jd1622 — push 总闸
19:54:24 [L1:x.a] \u2705 FIRED talker=wxid_lzd2va16jd1622 — push 总闸
19:54:24 [L1:x.a] \u2705 FIRED talker=wxid_lzd2va16jd1622 — push 总闸
19:54:24 [L1:x.a] \u2705 FIRED talker=wxid_lzd2va16jd1622 — push 总闸
19:54:24 [L1:x.a] \u2705 FIRED talker=wxid_lzd2va16jd1622 — push 总闸
19:54:24 [L1:x.a] \u2705 FIRED talker=wxid_lzd2va16jd1622 — push 总闸
19:54:24 [L1:x.a] \u2705 FIRED talker=wxid_lzd2va16jd1622 — push 总闸
19:54:24 [L1:x.a] \u2705 FIRED talker=wxid_lzd2va16jd1622 — push 总闸
19:54:24 [L1:x.a] \u2705 FIRED talker=wxid_lzd2va16jd1622 — push 总闸
19:54:24 [L1:x.a] \u2705 FIRED talker=wxid_lzd2va16jd1622 — push 总闸
19:54:24 [L1:x.a] \u2705 FIRED talker=wxid_lzd2va16jd1622 — push 总闸
19:54:24 [L1:x.a] \u2705 FIRED talker=wxid_lzd2va16jd1622 — push 总闸
19:54:24 [L1:x.a] \u2705 FIRED talker=wxid_lzd2va16jd1622 — push 总闸
19:54:24 [L1:x.a] \u2705 FIRED talker=wxid_lzd2va16jd1622 — push 总闸
19:54:24 [L1:x.a] \u2705 FIRED talker=wxid_lzd2va16jd1622 — push 总闸
19:54:24 [L1:x.a] \u2705 FIRED talker=wxid_lzd2va16jd1622 — push 总闸
19:54:24 [L1:x.a] \u2705 FIRED talker=wxid_lzd2va16jd1622 — push 总闸
19:54:24 [L1:x.a] \u2705 FIRED talker=wxid_lzd2va16jd1622 — push 总闸
19:54:24 [L1:x.a] \u2705 FIRED talker=wxid_lzd2va16jd1622 — push 总闸
19:54:24 [L1:x.a] \u2705 FIRED talker=wxid_lzd2va16jd1622 — push 总闸
19:54:24 [L1:x.a] \u2705 FIRED talker=wxid_lzd2va16jd1622 — push 总闸
19:54:24 [L1:x.a] \u2705 FIRED talker=wxid_lzd2va16jd1622 — push 总闸
19:54:24 [L1:x.a] \u2705 FIRED talker=wxid_lzd2va16jd1622 — push 总闸
19:54:24 [L1:x.a] \u2705 FIRED talker=wxid_lzd2va16jd1622 — push 总闸
19:54:24 [L1:x.a] \u2705 FIRED talker=wxid_lzd2va16jd1622 — push 总闸
19:54:24 [L1:x.a] \u2705 FIRED talker=wxid_lzd2va16jd1622 — push 总闸
19:54:24 [L1:x.a] \u2705 FIRED talker=wxid_lzd2va16jd1622 — push 总闸
19:54:24 [L1:x.a] \u2705 FIRED talker=wxid_lzd2va16jd1622 — push 总闸
19:54:24 [L1:x.a] \u2705 FIRED talker=wxid_lzd2va16jd1622 — push 总闸
19:54:24 [L1:x.a] \u2705 FIRED talker=wxid_lzd2va16jd1622 — push 总闸
19:54:24 [L1:x.a] \u2705 FIRED talker=wxid_lzd2va16jd1622 — push 总闸
19:54:24 [L1:x.a] \u2705 FIRED talker=wxid_lzd2va16jd1622 — push 总闸
19:54:24 [L1:x.a] \u2705 FIRED talker=wxid_lzd2va16jd1622 — push 总闸
19:54:24 [L1:x.a] \u2705 FIRED talker=wxid_lzd2va16jd1622 — push 总闸
19:54:24 [L1:x.a] \u2705 FIRED talker=wxid_lzd2va16jd1622 — push 总闸
19:54:24 [L1:x.a] \u2705 FIRED talker=wxid_lzd2va16jd1622 — push 总闸
19:54:24 [L1:x.a] \u2705 FIRED talker=wxid_lzd2va16jd1622 — push 总闸
19:54:24 [L1:x.a] \u2705 FIRED talker=wxid_lzd2va16jd1622 — push 总闸
19:54:24 [L1:x.a] \u2705 FIRED talker=wxid_lzd2va16jd1622 — push 总闸
19:54:24 [L1:x.a] \u2705 FIRED talker=wxid_lzd2va16jd1622 — push 总闸
19:54:24 [L1:x.a] \u2705 FIRED talker=wxid_lzd2va16jd1622 — push 总闸
19:54:24 [L1:x.a] \u2705 FIRED talker=wxid_lzd2va16jd1622 — push 总闸
19:54:24 [L1:x.a] \u2705 FIRED talker=wxid_lzd2va16jd1622 — push 总闸
19:54:24 [L1:x.a] \u2705 FIRED talker=wxid_lzd2va16jd1622 — push 总闸
19:54:24 [L1:x.a] \u2705 FIRED talker=wxid_lzd2va16jd1622 — push 总闸
19:54:24 [L1:x.a] \u2705 FIRED talker=wxid_lzd2va16jd1622 — push 总闸
19:54:24 [L1:x.a] \u2705 FIRED talker=wxid_lzd2va16jd1622 — push 总闸
19:54:24 [L1:x.a] \u2705 FIRED talker=wxid_lzd2va16jd1622 — push 总闸
19:54:24 [L1:x.a] \u2705 FIRED talker=wxid_lzd2va16jd1622 — push 总闸
19:54:24 [L1:x.a] \u2705 FIRED talker=wxid_lzd2va16jd1622 — push 总闸
19:54:24 [L1:x.a] \u2705 FIRED talker=wxid_lzd2va16jd1622 — push 总闸
19:54:24 [L1:x.a] \u2705 FIRED talker=wxid_lzd2va16jd1622 — push 总闸
19:54:24 [L1:x.a] \u2705 FIRED talker=wxid_lzd2va16jd1622 — push 总闸
19:54:24 [L1:x.a] \u2705 FIRED talker=wxid_lzd2va16jd1622 — push 总闸
19:54:24 [L1:x.a] \u2705 FIRED talker=wxid_lzd2va16jd1622 — push 总闸
19:54:24 [L1:x.a] \u2705 FIRED talker=wxid_lzd2va16jd1622 — push 总闸
19:54:24 [L1:x.a] \u2705 FIRED talker=wxid_lzd2va16jd1622 — push 总闸
19:54:24 [L1:x.a] \u2705 FIRED talker=wxid_lzd2va16jd1622 — push 总闸
19:54:24 [L1:x.a] \u2705 FIRED talker=wxid_lzd2va16jd1622 — push 总闸
19:54:24 [L1:x.a] \u2705 FIRED talker=wxid_lzd2va16jd1622 — push 总闸
19:54:24 [L1:x.a] \u2705 FIRED talker=wxid_lzd2va16jd1622 — push 总闸
19:54:24 [L1:x.a] \u2705 FIRED talker=wxid_lzd2va16jd1622 — push 总闸
19:54:24 [L1:x.a] \u2705 FIRED talker=wxid_lzd2va16jd1622 — push 总闸
19:54:24 [L1:x.a] \u2705 FIRED talker=wxid_lzd2va16jd1622 — push 总闸
19:54:24 [L1:x.a] \u2705 FIRED talker=wxid_lzd2va16jd1622 — push 总闸
19:54:24 [L1:x.a] \u2705 FIRED talker=wxid_lzd2va16jd1622 — push 总闸
19:54:24 [L1:x.a] \u2705 FIRED talker=wxid_lzd2va16jd1622 — push 总闸
19:54:24 [L1:x.a] \u2705 FIRED talker=wxid_lzd2va16jd1622 — push 总闸
19:54:24 [L1:x.a] \u2705 FIRED talker=wxid_lzd2va16jd1622 — push 总闸
19:54:24 [L1:x.a] \u2705 FIRED talker=wxid_lzd2va16jd1622 — push 总闸
19:54:24 [L1:x.a] \u2705 FIRED talker=wxid_lzd2va16jd1622 — push 总闸
19:54:24 [L1:x.a] \u2705 FIRED talker=wxid_lzd2va16jd1622 — push 总闸
19:54:24 [L1:x.a] \u2705 FIRED talker=wxid_lzd2va16jd1622 — push 总闸
19:54:24 [L1:x.a] \u2705 FIRED talker=wxid_lzd2va16jd1622 — push 总闸
19:54:24 [L1:x.a] \u2705 FIRED talker=wxid_lzd2va16jd1622 — push 总闸
19:54:24 [L1:x.a] \u2705 FIRED talker=wxid_lzd2va16jd1622 — push 总闸
19:54:24 [L1:x.a] \u2705 FIRED talker=wxid_lzd2va16jd1622 — push 总闸
19:54:24 [L1:x.a] \u2705 FIRED talker=wxid_lzd2va16jd1622 — push 总闸
19:54:24 [L1:x.a] \u2705 FIRED talker=wxid_lzd2va16jd1622 — push 总闸
19:54:24 [L1:x.a] \u2705 FIRED talker=wxid_lzd2va16jd1622 — push 总闸
19:54:24 [L1:x.a] \u2705 FIRED talker=wxid_lzd2va16jd1622 — push 总闸
19:54:24 [L1:x.a] \u2705 FIRED talker=wxid_lzd2va16jd1622 — push 总闸
19:54:24 [L1:x.a] \u2705 FIRED talker=wxid_lzd2va16jd1622 — push 总闸
19:54:25 [L1:x.a] \u2705 FIRED talker=wxid_lzd2va16jd1622 — push 总闸
19:54:25 [L1:x.a] \u2705 FIRED talker=wxid_lzd2va16jd1622 — push 总闸
19:54:25 [L1:x.a] \u2705 FIRED talker=wxid_lzd2va16jd1622 — push 总闸
19:54:25 [L1:x.a] \u2705 FIRED talker=wxid_lzd2va16jd1622 — push 总闸
19:54:25 [L1:x.a] \u2705 FIRED talker=wxid_lzd2va16jd1622 — push 总闸
19:54:25 [L1:x.a] \u2705 FIRED talker=wxid_lzd2va16jd1622 — push 总闸
19:54:25 [L1:x.a] \u2705 FIRED talker=wxid_lzd2va16jd1622 — push 总闸
19:54:25 [L1:x.a] \u2705 FIRED talker=wxid_lzd2va16jd1622 — push 总闸
19:54:25 [L1:x.a] \u2705 FIRED talker=wxid_lzd2va16jd1622 — push 总闸
19:54:25 [L1:x.a] \u2705 FIRED talker=wxid_lzd2va16jd1622 — push 总闸
19:54:25 [L1:x.a] \u2705 FIRED talker=wxid_lzd2va16jd1622 — push 总闸
19:54:25 [L1:x.a] \u2705 FIRED talker=wxid_lzd2va16jd1622 — push 总闸
19:54:25 [L1:x.a] \u2705 FIRED talker=wxid_lzd2va16jd1622 — push 总闸
19:54:25 [L1:x.a] \u2705 FIRED talker=wxid_lzd2va16jd1622 — push 总闸
19:54:25 [L1:x.a] \u2705 FIRED talker=wxid_lzd2va16jd1622 — push 总闸
19:54:25 [L1:x.a] \u2705 FIRED talker=wxid_lzd2va16jd1622 — push 总闸
19:54:25 [L1:x.a] \u2705 FIRED talker=wxid_lzd2va16jd1622 — push 总闸
19:54:25 [L1:x.a] \u2705 FIRED talker=wxid_lzd2va16jd1622 — push 总闸
19:54:25 [L1:x.a] \u2705 FIRED talker=wxid_lzd2va16jd1622 — push 总闸
19:54:25 [L1:x.a] \u2705 FIRED talker=wxid_lzd2va16jd1622 — push 总闸
19:54:25 [L1:x.a] \u2705 FIRED talker=wxid_lzd2va16jd1622 — push 总闸
19:54:25 [L1:x.a] \u2705 FIRED talker=wxid_lzd2va16jd1622 — push 总闸
19:54:25 [L1:x.a] \u2705 FIRED talker=wxid_lzd2va16jd1622 — push 总闸
19:54:25 [L1:x.a] \u2705 FIRED talker=wxid_lzd2va16jd1622 — push 总闸
19:54:25 [L1:x.a] \u2705 FIRED talker=wxid_lzd2va16jd1622 — push 总闸
19:54:25 [L1:x.a] \u2705 FIRED talker=wxid_lzd2va16jd1622 — push 总闸
19:54:25 [L1:x.a] \u2705 FIRED talker=wxid_lzd2va16jd1622 — push 总闸
19:54:25 [L1:x.a] \u2705 FIRED talker=wxid_lzd2va16jd1622 — push 总闸
19:54:25 [L1:x.a] \u2705 FIRED talker=wxid_lzd2va16jd1622 — push 总闸
19:54:25 [L1:x.a] \u2705 FIRED talker=wxid_lzd2va16jd1622 — push 总闸
19:54:25 [L1:x.a] \u2705 FIRED talker=wxid_lzd2va16jd1622 — push 总闸
19:54:25 [L1:x.a] \u2705 FIRED talker=wxid_lzd2va16jd1622 — push 总闸
19:54:25 [L1:x.a] \u2705 FIRED talker=wxid_lzd2va16jd1622 — push 总闸
19:54:25 [L1:x.a] \u2705 FIRED talker=wxid_lzd2va16jd1622 — push 总闸
19:54:25 [L1:x.a] \u2705 FIRED talker=wxid_lzd2va16jd1622 — push 总闸
19:54:25 [L1:x.a] \u2705 FIRED talker=wxid_lzd2va16jd1622 — push 总闸
19:54:25 [L1:x.a] \u2705 FIRED talker=wxid_lzd2va16jd1622 — push 总闸
19:54:25 [L1:x.a] \u2705 FIRED talker=wxid_lzd2va16jd1622 — push 总闸
19:54:25 [L1:x.a] \u2705 FIRED talker=wxid_lzd2va16jd1622 — push 总闸
19:54:25 [L1:x.a] \u2705 FIRED talker=wxid_lzd2va16jd1622 — push 总闸
19:54:25 [L1:x.a] \u2705 FIRED talker=wxid_lzd2va16jd1622 — push 总闸
19:54:25 [L1:x.a] \u2705 FIRED talker=wxid_lzd2va16jd1622 — push 总闸
Process terminated

Thank you for using Frida!
