     ____
    / _  |   Frida 17.9.10 - A world-class dynamic instrumentation toolkit
   | (_| |
    > _  |   Commands:
   /_/ |_|       help      -> Displays the help system
   . . . .       object?   -> Display information about 'object'
   . . . .       exit/quit -> Exit
   . . . .
   . . . .   More info at https://frida.re/docs/home/
   . . . .
   . . . .   Connected to MI 9 (id=609b4b18)
Attaching...
19:53:20 [VERIFY] 进程=Java.Field{holder: ApplicationInfo{24c6b9c com.tencent.mm}, fieldType: 2, fieldReturnType: Ljava/lang/String;, value: com.tencent.mm}
19:53:21 [HOOK] L1 x.a(f9) OK
19:53:21 [HOOK] L4b MainTabUI.i() OK
19:53:21 [HOOK] L4c h0.d(int) OK
19:53:21 [VERIFY] === 请让密友 wxid_ahvd1wejo02f22 发消息 ===
[MI 9::PID::3813 ]-> 19:53:51 [VERIFY] 进程=Java.Field{holder: ApplicationInfo{24c6b9c com.tencent.mm}, fieldType: 2, fieldReturnType: Ljava/lang/String;, value: com.tencent.mm}
19:53:51 [HOOK] L1 x.a(f9) OK
19:53:52 [HOOK] L4b MainTabUI.i() OK
19:53:52 [HOOK] L4c h0.d(int) OK
19:53:52 [VERIFY] === 请让密友 wxid_ahvd1wejo02f22 发消息 ===
19:54:02 [KEEPALIVE]
19:54:12 [KEEPALIVE]
19:54:22 [KEEPALIVE]
19:54:32 [KEEPALIVE]
19:54:42 [KEEPALIVE]
19:54:52 [KEEPALIVE]
19:55:02 [KEEPALIVE]
19:55:12 [KEEPALIVE]
19:55:22 [KEEPALIVE]
19:55:32 [KEEPALIVE]
19:55:42 [KEEPALIVE]
19:55:52 [KEEPALIVE]
19:56:02 [KEEPALIVE]
19:56:12 [KEEPALIVE]
19:56:22 [KEEPALIVE]
19:56:32 [KEEPALIVE]
19:56:42 [KEEPALIVE]
19:56:52 [KEEPALIVE]
19:57:02 [KEEPALIVE]
19:57:12 [KEEPALIVE]
19:57:22 [KEEPALIVE]
19:57:32 [KEEPALIVE]
19:57:42 [KEEPALIVE]
19:57:52 [KEEPALIVE]
19:58:02 [KEEPALIVE]
19:58:12 [KEEPALIVE]
19:58:22 [KEEPALIVE]
19:58:32 [KEEPALIVE]
19:58:42 [KEEPALIVE]
19:58:52 [KEEPALIVE]
19:59:02 [KEEPALIVE]
19:59:12 [KEEPALIVE]
19:59:22 [KEEPALIVE]
19:59:32 [KEEPALIVE]
19:59:42 [KEEPALIVE]
19:59:52 [KEEPALIVE]
20:00:02 [KEEPALIVE]
20:00:12 [KEEPALIVE]
20:00:22 [KEEPALIVE]
20:00:32 [KEEPALIVE]
20:00:42 [KEEPALIVE]
20:00:52 [KEEPALIVE]
20:01:02 [KEEPALIVE]
20:01:12 [KEEPALIVE]
20:01:22 [KEEPALIVE]
20:01:32 [KEEPALIVE]
20:01:42 [KEEPALIVE]
20:01:52 [KEEPALIVE]
20:02:02 [KEEPALIVE]
20:02:12 [KEEPALIVE]
20:02:22 [KEEPALIVE]
20:02:32 [KEEPALIVE]
20:02:42 [KEEPALIVE]
20:02:52 [KEEPALIVE]
20:03:02 [KEEPALIVE]
20:03:12 [KEEPALIVE]
20:03:22 [KEEPALIVE]
20:03:32 [KEEPALIVE]
20:03:42 [KEEPALIVE]
20:03:52 [KEEPALIVE]
20:04:02 [KEEPALIVE]
20:04:12 [KEEPALIVE]
20:04:22 [KEEPALIVE]
20:04:32 [KEEPALIVE]
20:04:42 [KEEPALIVE]
20:04:52 [KEEPALIVE]
20:05:02 [KEEPALIVE]
20:05:12 [KEEPALIVE]
20:05:22 [KEEPALIVE]
20:05:32 [KEEPALIVE]
20:05:42 [KEEPALIVE]
20:05:52 [KEEPALIVE]
20:06:02 [KEEPALIVE]
20:06:12 [KEEPALIVE]
20:06:22 [KEEPALIVE]
20:06:32 [KEEPALIVE]
20:06:42 [KEEPALIVE]
20:06:52 [KEEPALIVE]
20:07:02 [KEEPALIVE]
20:07:12 [KEEPALIVE]
20:07:22 [KEEPALIVE]
20:07:32 [KEEPALIVE]
20:07:42 [KEEPALIVE]
20:07:52 [KEEPALIVE]
20:08:02 [KEEPALIVE]
20:08:12 [KEEPALIVE]
20:08:22 [KEEPALIVE]
20:08:32 [KEEPALIVE]
20:08:42 [KEEPALIVE]
20:08:52 [KEEPALIVE]
20:09:02 [KEEPALIVE]
20:09:12 [KEEPALIVE]
20:09:22 [KEEPALIVE]
20:09:32 [KEEPALIVE]
20:09:42 [KEEPALIVE]
20:09:52 [KEEPALIVE]
20:10:02 [KEEPALIVE]
20:10:12 [KEEPALIVE]
20:10:22 [KEEPALIVE]
20:10:32 [KEEPALIVE]
20:10:42 [KEEPALIVE]
20:10:52 [KEEPALIVE]
20:11:02 [KEEPALIVE]
20:11:12 [KEEPALIVE]
20:11:22 [KEEPALIVE]
20:11:32 [KEEPALIVE]
20:11:42 [KEEPALIVE]
20:11:52 [KEEPALIVE]
20:12:02 [KEEPALIVE]
20:12:12 [KEEPALIVE]
20:12:22 [KEEPALIVE]
20:12:32 [KEEPALIVE]
20:12:42 [KEEPALIVE]
20:12:52 [KEEPALIVE]
20:13:02 [KEEPALIVE]
20:13:12 [KEEPALIVE]
20:13:22 [KEEPALIVE]
20:13:32 [KEEPALIVE]
20:13:42 [KEEPALIVE]
20:13:52 [KEEPALIVE]
20:14:02 [KEEPALIVE]
20:14:12 [KEEPALIVE]
20:14:22 [KEEPALIVE]
20:14:32 [KEEPALIVE]
20:14:42 [KEEPALIVE]
20:14:52 [KEEPALIVE]
20:15:02 [KEEPALIVE]
20:15:12 [KEEPALIVE]
20:15:22 [KEEPALIVE]
20:15:32 [KEEPALIVE]
20:15:42 [KEEPALIVE]
20:15:52 [KEEPALIVE]
20:16:02 [KEEPALIVE]
