     ____
    / _  |   Frida 17.9.10 - A world-class dynamic instrumentation toolkit
   | (_| |
    > _  |   Commands:
   /_/ |_|       help      -> Displays the help system
   . . . .       object?   -> Display information about 'object'
   . . . .       exit/quit -> Exit
   . . . .
   . . . .   More info at https://frida.re/docs/home/
   . . . .
   . . . .   Connected to MI 9 (id=609b4b18)
Attaching...
[STATS] 2026-05-23 19:05:05.101 | INIT frida_stats.js v1.1
[STATS] 2026-05-23 19:05:05.101 | INTERVAL=5s | 每行=过去5秒的累计计数
[MI 9::PID::29105 ]-> [STATS] 2026-05-23 19:05:10.104 | PROP=0 vb=0 bl=0 dbg=0 maps=0 smaps=0 status=0 pg=0 KV_O=0 KV_W=0 DNS=0 CONN=0 mprotect=0 dl_iter=0 open=8 access=8
[STATS] 2026-05-23 19:05:15.111 | PROP=0 vb=0 bl=0 dbg=0 maps=0 smaps=0 status=0 pg=0 KV_O=0 KV_W=0 DNS=0 CONN=0 mprotect=0 dl_iter=0 open=5 access=5
[STATS] 2026-05-23 19:05:20.117 | PROP=0 vb=0 bl=0 dbg=0 maps=0 smaps=0 status=0 pg=0 KV_O=0 KV_W=0 DNS=0 CONN=0 mprotect=0 dl_iter=0 open=6 access=6
[STATS] 2026-05-23 19:05:25.125 | PROP=0 vb=0 bl=0 dbg=0 maps=0 smaps=0 status=0 pg=0 KV_O=0 KV_W=0 DNS=0 CONN=0 mprotect=0 dl_iter=0 open=6 access=6
[STATS] 2026-05-23 19:05:30.132 | PROP=0 vb=0 bl=0 dbg=0 maps=0 smaps=0 status=0 pg=0 KV_O=0 KV_W=0 DNS=0 CONN=0 mprotect=0 dl_iter=0 open=5 access=5
[STATS] 2026-05-23 19:05:35.137 | PROP=0 vb=0 bl=0 dbg=0 maps=0 smaps=0 status=0 pg=0 KV_O=0 KV_W=0 DNS=0 CONN=0 mprotect=0 dl_iter=0 open=2 access=2
[STATS] 2026-05-23 19:05:40.144 | PROP=0 vb=0 bl=0 dbg=0 maps=0 smaps=0 status=0 pg=0 KV_O=0 KV_W=0 DNS=0 CONN=0 mprotect=0 dl_iter=0 open=2 access=2
[STATS] 2026-05-23 19:05:45.151 | PROP=0 vb=0 bl=0 dbg=0 maps=0 smaps=0 status=0 pg=0 KV_O=0 KV_W=0 DNS=0 CONN=0 mprotect=0 dl_iter=0 open=7 access=7
[STATS] 2026-05-23 19:05:50.158 | PROP=0 vb=0 bl=0 dbg=0 maps=0 smaps=0 status=0 pg=0 KV_O=0 KV_W=0 DNS=0 CONN=0 mprotect=0 dl_iter=0 open=12 access=8
[STATS] 2026-05-23 19:05:55.165 | PROP=0 vb=0 bl=0 dbg=0 maps=0 smaps=0 status=0 pg=0 KV_O=0 KV_W=0 DNS=0 CONN=0 mprotect=0 dl_iter=0 open=8 access=12
[STATS] 2026-05-23 19:06:00.171 | PROP=0 vb=0 bl=0 dbg=0 maps=0 smaps=0 status=0 pg=0 KV_O=0 KV_W=0 DNS=0 CONN=0 mprotect=0 dl_iter=0 open=5 access=5
[STATS] 2026-05-23 19:06:05.177 | PROP=0 vb=0 bl=0 dbg=0 maps=0 smaps=0 status=0 pg=0 KV_O=0 KV_W=0 DNS=0 CONN=0 mprotect=0 dl_iter=0 open=3 access=3
[STATS] 2026-05-23 19:06:10.183 | PROP=0 vb=0 bl=0 dbg=0 maps=0 smaps=0 status=0 pg=0 KV_O=0 KV_W=0 DNS=0 CONN=0 mprotect=0 dl_iter=0 open=4 access=4
[STATS] 2026-05-23 19:06:15.190 | PROP=0 vb=0 bl=0 dbg=0 maps=0 smaps=0 status=0 pg=0 KV_O=0 KV_W=0 DNS=0 CONN=0 mprotect=0 dl_iter=0 open=10 access=5
[STATS] 2026-05-23 19:06:20.196 | PROP=0 vb=0 bl=0 dbg=0 maps=0 smaps=0 status=0 pg=0 KV_O=0 KV_W=0 DNS=0 CONN=0 mprotect=0 dl_iter=0 open=6 access=6
[STATS] 2026-05-23 19:06:25.202 | PROP=0 vb=0 bl=0 dbg=0 maps=0 smaps=0 status=0 pg=0 KV_O=0 KV_W=0 DNS=0 CONN=0 mprotect=0 dl_iter=0 open=4 access=4
[STATS] 2026-05-23 19:06:30.208 | PROP=0 vb=0 bl=0 dbg=0 maps=0 smaps=0 status=0 pg=0 KV_O=0 KV_W=0 DNS=0 CONN=0 mprotect=0 dl_iter=0 open=5 access=5
[STATS] 2026-05-23 19:06:35.214 | PROP=0 vb=0 bl=0 dbg=0 maps=0 smaps=0 status=0 pg=0 KV_O=0 KV_W=0 DNS=0 CONN=0 mprotect=0 dl_iter=0 open=2 access=2
[STATS] 2026-05-23 19:06:40.220 | PROP=0 vb=0 bl=0 dbg=0 maps=0 smaps=0 status=0 pg=0 KV_O=0 KV_W=0 DNS=0 CONN=0 mprotect=0 dl_iter=0 open=2 access=2
[STATS] 2026-05-23 19:06:45.227 | PROP=0 vb=0 bl=0 dbg=0 maps=0 smaps=0 status=0 pg=0 KV_O=0 KV_W=0 DNS=0 CONN=0 mprotect=0 dl_iter=0 open=7 access=7
[STATS] 2026-05-23 19:06:50.234 | PROP=5 vb=0 bl=0 dbg=0 maps=0 smaps=2 status=4 pg=0 KV_O=0 KV_W=0 DNS=0 CONN=0 mprotect=0 dl_iter=0 open=86 access=65
[STATS] 2026-05-23 19:06:55.241 | PROP=0 vb=0 bl=0 dbg=0 maps=0 smaps=0 status=0 pg=0 KV_O=0 KV_W=0 DNS=0 CONN=0 mprotect=0 dl_iter=0 open=4 access=4
[STATS] 2026-05-23 19:07:00.248 | PROP=0 vb=0 bl=0 dbg=0 maps=0 smaps=0 status=0 pg=0 KV_O=0 KV_W=0 DNS=0 CONN=0 mprotect=0 dl_iter=0 open=7 access=7
[STATS] 2026-05-23 19:07:05.255 | PROP=0 vb=0 bl=0 dbg=0 maps=0 smaps=0 status=0 pg=0 KV_O=0 KV_W=0 DNS=0 CONN=0 mprotect=0 dl_iter=0 open=3 access=3
[STATS] 2026-05-23 19:07:10.261 | PROP=0 vb=0 bl=0 dbg=0 maps=0 smaps=0 status=2 pg=2 KV_O=0 KV_W=0 DNS=0 CONN=0 mprotect=0 dl_iter=0 open=6 access=2
[STATS] 2026-05-23 19:07:15.267 | PROP=0 vb=0 bl=0 dbg=0 maps=0 smaps=0 status=0 pg=0 KV_O=0 KV_W=0 DNS=0 CONN=0 mprotect=0 dl_iter=0 open=5 access=5
[STATS] 2026-05-23 19:07:20.273 | PROP=0 vb=0 bl=0 dbg=0 maps=0 smaps=0 status=0 pg=0 KV_O=0 KV_W=0 DNS=0 CONN=0 mprotect=0 dl_iter=0 open=6 access=6
[STATS] 2026-05-23 19:07:25.278 | PROP=0 vb=0 bl=0 dbg=0 maps=0 smaps=0 status=0 pg=0 KV_O=0 KV_W=0 DNS=0 CONN=0 mprotect=0 dl_iter=0 open=4 access=4
[STATS] 2026-05-23 19:07:30.284 | PROP=0 vb=0 bl=0 dbg=0 maps=0 smaps=0 status=0 pg=0 KV_O=0 KV_W=0 DNS=0 CONN=0 mprotect=0 dl_iter=0 open=7 access=7
[STATS] 2026-05-23 19:07:35.291 | PROP=0 vb=0 bl=0 dbg=0 maps=0 smaps=0 status=0 pg=0 KV_O=0 KV_W=0 DNS=0 CONN=0 mprotect=0 dl_iter=0 open=2 access=2
[STATS] 2026-05-23 19:07:40.297 | PROP=0 vb=0 bl=0 dbg=0 maps=0 smaps=0 status=0 pg=0 KV_O=0 KV_W=0 DNS=0 CONN=0 mprotect=0 dl_iter=0 open=2 access=2
[STATS] 2026-05-23 19:07:45.303 | PROP=0 vb=0 bl=0 dbg=0 maps=0 smaps=0 status=0 pg=0 KV_O=0 KV_W=0 DNS=0 CONN=0 mprotect=0 dl_iter=0 open=5 access=5
[STATS] 2026-05-23 19:07:50.310 | PROP=0 vb=0 bl=0 dbg=0 maps=0 smaps=0 status=0 pg=0 KV_O=0 KV_W=0 DNS=0 CONN=0 mprotect=0 dl_iter=0 open=14 access=10
[STATS] 2026-05-23 19:07:55.316 | PROP=0 vb=0 bl=0 dbg=0 maps=0 smaps=0 status=0 pg=0 KV_O=0 KV_W=0 DNS=0 CONN=0 mprotect=0 dl_iter=0 open=2 access=2
[STATS] 2026-05-23 19:08:00.323 | PROP=0 vb=0 bl=0 dbg=0 maps=0 smaps=0 status=2 pg=2 KV_O=0 KV_W=0 DNS=0 CONN=0 mprotect=0 dl_iter=0 open=16 access=11
[STATS] 2026-05-23 19:08:05.330 | PROP=0 vb=0 bl=0 dbg=0 maps=0 smaps=0 status=0 pg=0 KV_O=0 KV_W=0 DNS=0 CONN=0 mprotect=0 dl_iter=0 open=11 access=11
[STATS] 2026-05-23 19:08:10.337 | PROP=0 vb=0 bl=0 dbg=0 maps=0 smaps=0 status=0 pg=0 KV_O=0 KV_W=0 DNS=0 CONN=0 mprotect=0 dl_iter=0 open=2 access=2
[STATS] 2026-05-23 19:08:15.343 | PROP=0 vb=0 bl=0 dbg=0 maps=0 smaps=0 status=0 pg=0 KV_O=0 KV_W=0 DNS=0 CONN=0 mprotect=0 dl_iter=0 open=11 access=11
[STATS] 2026-05-23 19:08:20.350 | PROP=0 vb=0 bl=0 dbg=0 maps=0 smaps=0 status=0 pg=0 KV_O=0 KV_W=0 DNS=0 CONN=0 mprotect=0 dl_iter=0 open=8 access=8
[STATS] 2026-05-23 19:08:25.356 | PROP=0 vb=0 bl=0 dbg=0 maps=0 smaps=0 status=0 pg=0 KV_O=0 KV_W=0 DNS=0 CONN=0 mprotect=0 dl_iter=0 open=4 access=4
[STATS] 2026-05-23 19:08:30.363 | PROP=0 vb=0 bl=0 dbg=0 maps=0 smaps=0 status=0 pg=0 KV_O=0 KV_W=0 DNS=0 CONN=0 mprotect=0 dl_iter=0 open=7 access=7
[STATS] 2026-05-23 19:08:35.370 | PROP=0 vb=0 bl=0 dbg=0 maps=0 smaps=0 status=0 pg=0 KV_O=0 KV_W=0 DNS=0 CONN=0 mprotect=0 dl_iter=0 open=2 access=2
[STATS] 2026-05-23 19:08:40.377 | PROP=0 vb=0 bl=0 dbg=0 maps=0 smaps=0 status=0 pg=0 KV_O=0 KV_W=0 DNS=0 CONN=0 mprotect=0 dl_iter=0 open=2 access=2
[STATS] 2026-05-23 19:08:45.383 | PROP=0 vb=0 bl=0 dbg=0 maps=0 smaps=0 status=0 pg=0 KV_O=0 KV_W=0 DNS=0 CONN=0 mprotect=0 dl_iter=0 open=7 access=7
[STATS] 2026-05-23 19:08:50.390 | PROP=0 vb=0 bl=0 dbg=0 maps=0 smaps=0 status=0 pg=0 KV_O=0 KV_W=0 DNS=0 CONN=0 mprotect=0 dl_iter=0 open=2 access=2
[STATS] 2026-05-23 19:08:55.397 | PROP=0 vb=0 bl=0 dbg=0 maps=0 smaps=0 status=0 pg=0 KV_O=0 KV_W=0 DNS=0 CONN=0 mprotect=0 dl_iter=0 open=4 access=4
[STATS] 2026-05-23 19:09:00.404 | PROP=0 vb=0 bl=0 dbg=0 maps=0 smaps=0 status=0 pg=0 KV_O=0 KV_W=0 DNS=0 CONN=0 mprotect=0 dl_iter=0 open=5 access=5
[STATS] 2026-05-23 19:09:05.411 | PROP=0 vb=0 bl=0 dbg=0 maps=0 smaps=0 status=0 pg=0 KV_O=0 KV_W=0 DNS=0 CONN=0 mprotect=0 dl_iter=0 open=3 access=3
[STATS] 2026-05-23 19:09:10.418 | PROP=0 vb=0 bl=0 dbg=0 maps=0 smaps=0 status=0 pg=0 KV_O=0 KV_W=0 DNS=0 CONN=0 mprotect=0 dl_iter=0 open=2 access=2
[STATS] 2026-05-23 19:09:15.424 | PROP=0 vb=0 bl=0 dbg=0 maps=0 smaps=0 status=0 pg=0 KV_O=0 KV_W=0 DNS=0 CONN=0 mprotect=0 dl_iter=0 open=5 access=5
[STATS] 2026-05-23 19:09:20.430 | PROP=0 vb=0 bl=0 dbg=0 maps=0 smaps=0 status=0 pg=0 KV_O=0 KV_W=0 DNS=0 CONN=0 mprotect=0 dl_iter=0 open=2 access=2
[STATS] 2026-05-23 19:09:25.436 | PROP=0 vb=0 bl=0 dbg=0 maps=0 smaps=0 status=0 pg=0 KV_O=0 KV_W=0 DNS=0 CONN=0 mprotect=0 dl_iter=0 open=2 access=2
[STATS] 2026-05-23 19:09:30.442 | PROP=0 vb=0 bl=0 dbg=0 maps=0 smaps=0 status=0 pg=0 KV_O=0 KV_W=0 DNS=0 CONN=0 mprotect=0 dl_iter=0 open=5 access=5
[STATS] 2026-05-23 19:09:35.448 | PROP=0 vb=0 bl=0 dbg=0 maps=0 smaps=0 status=0 pg=0 KV_O=0 KV_W=0 DNS=0 CONN=0 mprotect=0 dl_iter=0 open=6 access=6
[STATS] 2026-05-23 19:09:40.454 | PROP=0 vb=0 bl=0 dbg=0 maps=0 smaps=0 status=0 pg=0 KV_O=0 KV_W=0 DNS=0 CONN=0 mprotect=0 dl_iter=0 open=4 access=4
[STATS] 2026-05-23 19:09:45.460 | PROP=0 vb=0 bl=0 dbg=0 maps=0 smaps=0 status=0 pg=0 KV_O=0 KV_W=0 DNS=0 CONN=0 mprotect=0 dl_iter=0 open=5 access=5
[STATS] 2026-05-23 19:09:50.466 | PROP=0 vb=0 bl=0 dbg=0 maps=0 smaps=0 status=0 pg=0 KV_O=0 KV_W=0 DNS=0 CONN=0 mprotect=0 dl_iter=0 open=14 access=10
[STATS] 2026-05-23 19:09:55.473 | PROP=0 vb=0 bl=0 dbg=0 maps=0 smaps=0 status=0 pg=0 KV_O=0 KV_W=0 DNS=0 CONN=0 mprotect=0 dl_iter=0 open=2 access=2
[STATS] 2026-05-23 19:10:00.479 | PROP=0 vb=0 bl=0 dbg=0 maps=0 smaps=0 status=0 pg=0 KV_O=0 KV_W=0 DNS=0 CONN=0 mprotect=0 dl_iter=0 open=5 access=5
