STDOUT:
     ____
    / _  |   Frida 17.9.10 - A world-class dynamic instrumentation toolkit
   | (_| |
    > _  |   Commands:
   /_/ |_|       help      -> Displays the help system
   . . . .       object?   -> Display information about 'object'
   . . . .       exit/quit -> Exit
   . . . .
   . . . .   More info at https://frida.re/docs/home/
   . . . .
   . . . .   Connected to MI 9 (id=609b4b18)
Spawning `com.tencent.mmqw5`...
Spawned `com.tencent.mmqw5`. Resuming main thread!
[MI 9::com.tencent.mmqw5 ]-> [ME] showUnReadMsgCount hooked
[UC] showUnReadMsgCount hooked
[VP] isShowUnReadMsg hooked
[NH] getShowUnReadMsg hooked
[INIT] all hooks ready — 进入朋友圈触发互动通知即可
[VP.isShowUnReadMsg] = true

STDERR:

