STDOUT:
     ____
    / _  |   Frida 17.9.10 - A world-class dynamic instrumentation toolkit
   | (_| |
    > _  |   Commands:
   /_/ |_|       help      -> Displays the help system
   . . . .       object?   -> Display information about 'object'
   . . . .       exit/quit -> Exit
   . . . .
   . . . .   More info at https://frida.re/docs/home/
   . . . .
   . . . .   Connected to MI 9 (id=609b4b18)
Spawning `com.tencent.mm`...
Spawned `com.tencent.mm`. Resuming main thread!
[MI 9::com.tencent.mm ]-> [SP-WRITE] hooked
[WCDB] err: Error: rawQuery(): specified argument types do not match any of:
	.overload('java.lang.String', '[Ljava.lang.Object;')
	.overload('java.lang.String', '[Ljava.lang.Object;', 'com.tencent.wcdb.support.CancellationSignal')
[INIT] done

STDERR:

